Archive member included because of file (symbol)

.\CortexM0\ARM_GCC_484\Debug\BLE Lab 3.a(cyfitter_cfg.o)
                              .\CortexM0\ARM_GCC_484\Debug\Cm0Start.o (cyfitter_cfg)
.\CortexM0\ARM_GCC_484\Debug\BLE Lab 3.a(SW2_Switch.o)
                              .\CortexM0\ARM_GCC_484\Debug\main.o (SW2_Switch_ClearInterrupt)
.\CortexM0\ARM_GCC_484\Debug\BLE Lab 3.a(Wakeup_ISR.o)
                              .\CortexM0\ARM_GCC_484\Debug\main.o (Wakeup_ISR_Start)
.\CortexM0\ARM_GCC_484\Debug\BLE Lab 3.a(Led_Advertising_Green.o)
                              .\CortexM0\ARM_GCC_484\Debug\main.o (Led_Advertising_Green_Write)
.\CortexM0\ARM_GCC_484\Debug\BLE Lab 3.a(Led_Connected_Blue.o)
                              .\CortexM0\ARM_GCC_484\Debug\main.o (Led_Connected_Blue_Write)
.\CortexM0\ARM_GCC_484\Debug\BLE Lab 3.a(BLE_1_hrs.o)
                              .\CortexM0\ARM_GCC_484\Debug\main.o (CyBle_HrsRegisterAttrCallback)
.\CortexM0\ARM_GCC_484\Debug\BLE Lab 3.a(BLE_1.o)
                              .\CortexM0\ARM_GCC_484\Debug\BLE Lab 3.a(BLE_1_hrs.o) (CyBle_ApplCallback)
.\CortexM0\ARM_GCC_484\Debug\BLE Lab 3.a(BLE_1_gatt.o)
                              .\CortexM0\ARM_GCC_484\Debug\BleProcessing.o (cyBle_state)
.\CortexM0\ARM_GCC_484\Debug\BLE Lab 3.a(BLE_1_eventHandler.o)
                              .\CortexM0\ARM_GCC_484\Debug\BleProcessing.o (cyBle_connHandle)
.\CortexM0\ARM_GCC_484\Debug\BLE Lab 3.a(BLE_1_dis.o)
                              .\CortexM0\ARM_GCC_484\Debug\BLE Lab 3.a(BLE_1.o) (CyBle_DisInit)
.\CortexM0\ARM_GCC_484\Debug\BLE Lab 3.a(Opamp.o)
                              .\CortexM0\ARM_GCC_484\Debug\main.o (Opamp_Start)
.\CortexM0\ARM_GCC_484\Debug\BLE Lab 3.a(ADC.o)
                              .\CortexM0\ARM_GCC_484\Debug\main.o (ADC_Start)
.\CortexM0\ARM_GCC_484\Debug\BLE Lab 3.a(ADC_PM.o)
                              .\CortexM0\ARM_GCC_484\Debug\main.o (ADC_Sleep)
.\CortexM0\ARM_GCC_484\Debug\BLE Lab 3.a(ADC_INT.o)
                              .\CortexM0\ARM_GCC_484\Debug\BLE Lab 3.a(ADC.o) (ADC_ISR)
.\CortexM0\ARM_GCC_484\Debug\BLE Lab 3.a(CyBootAsmGnu.o)
                              .\CortexM0\ARM_GCC_484\Debug\BLE Lab 3.a(cyfitter_cfg.o) (CyDelayCycles)
.\CortexM0\ARM_GCC_484\Debug\BLE Lab 3.a(CyLib.o)
                              .\CortexM0\ARM_GCC_484\Debug\BLE Lab 3.a(cyfitter_cfg.o) (CyDelayUs)
.\CortexM0\ARM_GCC_484\Debug\BLE Lab 3.a(cyPm.o)
                              .\CortexM0\ARM_GCC_484\Debug\main.o (CySysPmSleep)
.\CortexM0\ARM_GCC_484\Debug\BLE Lab 3.a(PWM_1.o)
                              .\CortexM0\ARM_GCC_484\Debug\main.o (PWM_1_Start)
C:\Program Files (x86)\Cypress\PSoC Creator\3.1\PSoC Creator\psoc\content\cycomponentlibrary\CyComponentLibrary.cylib\BLE_v1_20\Library\gccCyBLEStack_BLE_SOC_PERIPHERAL.a(CyBle.o)
                              .\CortexM0\ARM_GCC_484\Debug\main.o (CyBle_ProcessEvents)
C:\Program Files (x86)\Cypress\PSoC Creator\3.1\PSoC Creator\psoc\content\cycomponentlibrary\CyComponentLibrary.cylib\BLE_v1_20\Library\gccCyBLEStack_BLE_SOC_PERIPHERAL.a(CyBleStackMgrIP_Interface.o)
                              C:\Program Files (x86)\Cypress\PSoC Creator\3.1\PSoC Creator\psoc\content\cycomponentlibrary\CyComponentLibrary.cylib\BLE_v1_20\Library\gccCyBLEStack_BLE_SOC_PERIPHERAL.a(CyBle.o) (CyBleStackMgr_BleGetConfigData)
C:\Program Files (x86)\Cypress\PSoC Creator\3.1\PSoC Creator\psoc\content\cycomponentlibrary\CyComponentLibrary.cylib\BLE_v1_20\Library\gccCyBLEStack_BLE_SOC_PERIPHERAL.a(BT_os.o)
                              C:\Program Files (x86)\Cypress\PSoC Creator\3.1\PSoC Creator\psoc\content\cycomponentlibrary\CyComponentLibrary.cylib\BLE_v1_20\Library\gccCyBLEStack_BLE_SOC_PERIPHERAL.a(CyBleStackMgrIP_Interface.o) (bt_stack_init_os)
C:\Program Files (x86)\Cypress\PSoC Creator\3.1\PSoC Creator\psoc\content\cycomponentlibrary\CyComponentLibrary.cylib\BLE_v1_20\Library\gccCyBLEStack_BLE_SOC_PERIPHERAL.a(CyBleStackMgr_StackTaskHandler.o)
                              C:\Program Files (x86)\Cypress\PSoC Creator\3.1\PSoC Creator\psoc\content\cycomponentlibrary\CyComponentLibrary.cylib\BLE_v1_20\Library\gccCyBLEStack_BLE_SOC_PERIPHERAL.a(CyBleStackMgrIP_Interface.o) (CyBle_CreateBleStackTask)
C:\Program Files (x86)\Cypress\PSoC Creator\3.1\PSoC Creator\psoc\content\cycomponentlibrary\CyComponentLibrary.cylib\BLE_v1_20\Library\gccCyBLEStack_BLE_SOC_PERIPHERAL.a(transport_sf.o)
                              C:\Program Files (x86)\Cypress\PSoC Creator\3.1\PSoC Creator\psoc\content\cycomponentlibrary\CyComponentLibrary.cylib\BLE_v1_20\Library\gccCyBLEStack_BLE_SOC_PERIPHERAL.a(CyBleStackMgr_StackTaskHandler.o) (hci_soft_transport_notify_data_received)
C:\Program Files (x86)\Cypress\PSoC Creator\3.1\PSoC Creator\psoc\content\cycomponentlibrary\CyComponentLibrary.cylib\BLE_v1_20\Library\gccCyBLEStack_BLE_SOC_PERIPHERAL.a(CyBleStackMgr_PSoCHal.o)
[...]
Memory Configuration

Name             Origin             Length             Attributes
rom              0x00000000         0x00020000         xr
ram              0x20000000         0x00004000         xrw
*default*        0x00000000         0xffffffff

Linker script and memory map

LOAD c:/program files (x86)/cypress/psoc creator/3.1/psoc creator/import/gnu_cs/arm/4.8.4/bin/../lib/gcc/arm-none-eabi/4.8.4/armv6-m/crti.o
LOAD c:/program files (x86)/cypress/psoc creator/3.1/psoc creator/import/gnu_cs/arm/4.8.4/bin/../lib/gcc/arm-none-eabi/4.8.4/armv6-m/crtbegin.o
LOAD c:/program files (x86)/cypress/psoc creator/3.1/psoc creator/import/gnu_cs/arm/4.8.4/bin/../lib/gcc/arm-none-eabi/4.8.4/../../../../arm-none-eabi/lib/armv6-m/crt0.o
START GROUP
LOAD .\CortexM0\ARM_GCC_484\Debug\main.o
LOAD .\CortexM0\ARM_GCC_484\Debug\HeartRateProcessing.o
LOAD .\CortexM0\ARM_GCC_484\Debug\BleProcessing.o
LOAD .\CortexM0\ARM_GCC_484\Debug\WatchdogTimer.o
LOAD .\CortexM0\ARM_GCC_484\Debug\cymetadata.o
LOAD .\CortexM0\ARM_GCC_484\Debug\Cm0Start.o
LOAD .\CortexM0\ARM_GCC_484\Debug\BLE Lab 3.a
LOAD C:\Program Files (x86)\Cypress\PSoC Creator\3.1\PSoC Creator\psoc\content\cycomponentlibrary\CyComponentLibrary.cylib\BLE_v1_20\Library\gccCyBLEStack_BLE_SOC_PERIPHERAL.a
LOAD C:\Program Files (x86)\Cypress\PSoC Creator\3.1\PSoC Creator\psoc\content\cycomponentlibrary\CyComponentLibrary.cylib\CortexM0\ARM_GCC_484\Debug\CyComponentLibrary.a
END GROUP
START GROUP
LOAD c:/program files (x86)/cypress/psoc creator/3.1/psoc creator/import/gnu_cs/arm/4.8.4/bin/../lib/gcc/arm-none-eabi/4.8.4/armv6-m\libgcc.a
LOAD c:/program files (x86)/cypress/psoc creator/3.1/psoc creator/import/gnu_cs/arm/4.8.4/bin/../lib/gcc/arm-none-eabi/4.8.4/../../../../arm-none-eabi/lib/armv6-m\libg_s.a
LOAD c:/program files (x86)/cypress/psoc creator/3.1/psoc creator/import/gnu_cs/arm/4.8.4/bin/../lib/gcc/arm-none-eabi/4.8.4/../../../../arm-none-eabi/lib/armv6-m\libc_s.a
END GROUP
START GROUP
LOAD c:/program files (x86)/cypress/psoc creator/3.1/psoc creator/import/gnu_cs/arm/4.8.4/bin/../lib/gcc/arm-none-eabi/4.8.4/armv6-m\libgcc.a
LOAD c:/program files (x86)/cypress/psoc creator/3.1/psoc creator/import/gnu_cs/arm/4.8.4/bin/../lib/gcc/arm-none-eabi/4.8.4/../../../../arm-none-eabi/lib/armv6-m\libc_s.a
END GROUP
LOAD c:/program files (x86)/cypress/psoc creator/3.1/psoc creator/import/gnu_cs/arm/4.8.4/bin/../lib/gcc/arm-none-eabi/4.8.4/armv6-m/crtend.o
LOAD c:/program files (x86)/cypress/psoc creator/3.1/psoc creator/import/gnu_cs/arm/4.8.4/bin/../lib/gcc/arm-none-eabi/4.8.4/armv6-m/crtn.o
START GROUP
LOAD c:/program files (x86)/cypress/psoc creator/3.1/psoc creator/import/gnu_cs/arm/4.8.4/bin/../lib/gcc/arm-none-eabi/4.8.4/armv6-m\libgcc.a
LOAD c:/program files (x86)/cypress/psoc creator/3.1/psoc creator/import/gnu_cs/arm/4.8.4/bin/../lib/gcc/arm-none-eabi/4.8.4/../../../../arm-none-eabi/lib/armv6-m\libc.a
LOAD c:/program files (x86)/cypress/psoc creator/3.1/psoc creator/import/gnu_cs/arm/4.8.4/bin/../lib/gcc/arm-none-eabi/4.8.4/../../../../arm-none-eabi/lib/armv6-m\libnosys.a
END GROUP
                0x00000000                CY_APPL_ORIGIN = 0x0
                0x00000080                CY_FLASH_ROW_SIZE = 0x80
                0x00000001                CY_APPL_NUM = 0x1
                0x00000040                CY_METADATA_SIZE = 0x40
                0x20002530                PROVIDE (__cy_heap_start, _end)
                0x00000001                PROVIDE (__cy_region_num, ((__cy_regions_end - __cy_regions) / 0x10))
                0x20004000                PROVIDE (__cy_stack, (ORIGIN (ram) + 0x4000))
                0x20003c00                PROVIDE (__cy_heap_end, (__cy_stack - 0x400))

.cybootloader   0x00000000        0x0
 *(.cybootloader)
                0x00000000                appl1_start = CY_APPL_ORIGIN?CY_APPL_ORIGIN:ALIGN (CY_FLASH_ROW_SIZE)
                0x0000ff80                appl2_start = (appl1_start + ALIGN ((((0x20000 - appl1_start) - (0x2 * CY_FLASH_ROW_SIZE)) / 0x2), CY_FLASH_ROW_SIZE))
                0x00000000                appl_start = (CY_APPL_NUM == 0x1)?appl1_start:appl2_start

.text           0x00000000     0x2588
 CREATE_OBJECT_SYMBOLS
                0x00000000                PROVIDE (__cy_interrupt_vector, RomVectors)
 *(.romvectors)
 .romvectors    0x00000000       0x10 .\CortexM0\ARM_GCC_484\Debug\Cm0Start.o
                0x00000000                RomVectors
                0x00000001                ASSERT ((. != __cy_interrupt_vector), No interrupt vector)
                0x00000001                ASSERT (CY_APPL_ORIGIN?(SIZEOF (.cybootloader) <= CY_APPL_ORIGIN):0x1, Wrong image location)
                0x00000010                PROVIDE (__cy_reset, Reset)
 *(.text.Reset)
 .text.Reset    0x00000010        0x8 .\CortexM0\ARM_GCC_484\Debug\Cm0Start.o
                0x00000010                Reset
                0x00000001                ASSERT ((. != __cy_reset), No reset code)
 *(.psocinit)
 .psocinit      0x00000018      0x300 .\CortexM0\ARM_GCC_484\Debug\BLE Lab 3.a(cyfitter_cfg.o)
                0x000001b4                cyfitter_cfg
                0x00000318                . = MAX (., 0x100)
 *(.text .text.* .gnu.linkonce.t.*)
 .text          0x00000318       0x60 c:/program files (x86)/cypress/psoc creator/3.1/psoc creator/import/gnu_cs/arm/4.8.4/bin/../lib/gcc/arm-none-eabi/4.8.4/armv6-m/crtbegin.o
 .text.InitializeSystem
                0x00000378       0x40 .\CortexM0\ARM_GCC_484\Debug\main.o
 .text.main     0x000003b8       0xdc .\CortexM0\ARM_GCC_484\Debug\main.o
                0x000003b8                main
 .text.ProcessHeartRateSignal
                0x00000494       0xb4 .\CortexM0\ARM_GCC_484\Debug\HeartRateProcessing.o
                0x00000494                ProcessHeartRateSignal
 .text.SendHeartRateOverBLE
                0x00000548       0x58 .\CortexM0\ARM_GCC_484\Debug\BleProcessing.o
                0x00000548                SendHeartRateOverBLE
 .text.HrsEventHandler
                0x000005a0       0x38 .\CortexM0\ARM_GCC_484\Debug\BleProcessing.o
                0x000005a0                HrsEventHandler
 .text.GeneralEventHandler
                0x000005d8       0xac .\CortexM0\ARM_GCC_484\Debug\BleProcessing.o
                0x000005d8                GeneralEventHandler
 .text.WatchdogTimer_Isr
                0x00000684       0x20 .\CortexM0\ARM_GCC_484\Debug\WatchdogTimer.o
                0x00000684                WatchdogTimer_Isr
 .text.WatchdogTimer_Start
                0x000006a4       0x48 .\CortexM0\ARM_GCC_484\Debug\WatchdogTimer.o
                0x000006a4                WatchdogTimer_Start
 .text.WatchdogTimer_GetTimestamp
                0x000006ec       0x14 .\CortexM0\ARM_GCC_484\Debug\WatchdogTimer.o
                0x000006ec                WatchdogTimer_GetTimestamp
 .text.IntDefaultHandler
                0x00000700        0x8 .\CortexM0\ARM_GCC_484\Debug\Cm0Start.o
                0x00000700                IntDefaultHandler
 .text.Start_c  0x00000708       0x98 .\CortexM0\ARM_GCC_484\Debug\Cm0Start.o
                0x00000708                Start_c
 .text.initialize_psoc
                0x000007a0       0x70 .\CortexM0\ARM_GCC_484\Debug\Cm0Start.o
                0x000007a0                initialize_psoc
 .text.CYMEMZERO
                0x00000810       0x20 .\CortexM0\ARM_GCC_484\Debug\BLE Lab 3.a(cyfitter_cfg.o)
 .text.cfg_write_bytes32
                0x00000830       0x80 .\CortexM0\ARM_GCC_484\Debug\BLE Lab 3.a(cyfitter_cfg.o)
 .text.AnalogSetDefault
                0x000008b0       0x64 .\CortexM0\ARM_GCC_484\Debug\BLE Lab 3.a(cyfitter_cfg.o)
 .text.SetAnalogRoutingPumps
                0x00000914       0x40 .\CortexM0\ARM_GCC_484\Debug\BLE Lab 3.a(cyfitter_cfg.o)
                0x00000914                SetAnalogRoutingPumps
 .text.SW2_Switch_ClearInterrupt
                0x00000954       0x30 .\CortexM0\ARM_GCC_484\Debug\BLE Lab 3.a(SW2_Switch.o)
                0x00000954                SW2_Switch_ClearInterrupt
 .text.Wakeup_ISR_Start
                0x00000984       0x24 .\CortexM0\ARM_GCC_484\Debug\BLE Lab 3.a(Wakeup_ISR.o)
                0x00000984                Wakeup_ISR_Start
 .text.Wakeup_ISR_Interrupt
                0x000009a8        0x8 .\CortexM0\ARM_GCC_484\Debug\BLE Lab 3.a(Wakeup_ISR.o)
                0x000009a8                Wakeup_ISR_Interrupt
 .text.Wakeup_ISR_SetVector
                0x000009b0       0x18 .\CortexM0\ARM_GCC_484\Debug\BLE Lab 3.a(Wakeup_ISR.o)
                0x000009b0                Wakeup_ISR_SetVector
 .text.Wakeup_ISR_SetPriority
                0x000009c8       0x50 .\CortexM0\ARM_GCC_484\Debug\BLE Lab 3.a(Wakeup_ISR.o)
                0x000009c8                Wakeup_ISR_SetPriority
 .text.Wakeup_ISR_Enable
                0x00000a18       0x14 .\CortexM0\ARM_GCC_484\Debug\BLE Lab 3.a(Wakeup_ISR.o)
                0x00000a18                Wakeup_ISR_Enable
 .text.Wakeup_ISR_Disable
                0x00000a2c       0x14 .\CortexM0\ARM_GCC_484\Debug\BLE Lab 3.a(Wakeup_ISR.o)
                0x00000a2c                Wakeup_ISR_Disable
 .text.Led_Advertising_Green_Write
                0x00000a40       0x4c .\CortexM0\ARM_GCC_484\Debug\BLE Lab 3.a(Led_Advertising_Green.o)
                0x00000a40                Led_Advertising_Green_Write
 .text.Led_Advertising_Green_SetDriveMode
                0x00000a8c       0x30 .\CortexM0\ARM_GCC_484\Debug\BLE Lab 3.a(Led_Advertising_Green.o)
                0x00000a8c                Led_Advertising_Green_SetDriveMode
 .text.Led_Connected_Blue_Write
                0x00000abc       0x48 .\CortexM0\ARM_GCC_484\Debug\BLE Lab 3.a(Led_Connected_Blue.o)
                0x00000abc                Led_Connected_Blue_Write
 .text.Led_Connected_Blue_SetDriveMode
                0x00000b04       0x30 .\CortexM0\ARM_GCC_484\Debug\BLE Lab 3.a(Led_Connected_Blue.o)
                0x00000b04                Led_Connected_Blue_SetDriveMode
 .text.CyBle_HrsInit
                0x00000b34        0x8 .\CortexM0\ARM_GCC_484\Debug\BLE Lab 3.a(BLE_1_hrs.o)
                0x00000b34                CyBle_HrsInit
 .text.CyBle_HrsRegisterAttrCallback
                0x00000b3c       0x18 .\CortexM0\ARM_GCC_484\Debug\BLE Lab 3.a(BLE_1_hrs.o)
                0x00000b3c                CyBle_HrsRegisterAttrCallback
 .text.CyBle_HrssGetCharacteristicValue
                0x00000b54       0x9c .\CortexM0\ARM_GCC_484\Debug\BLE Lab 3.a(BLE_1_hrs.o)
                0x00000b54                CyBle_HrssGetCharacteristicValue
 .text.CyBle_HrssSendNotification
                0x00000bf0       0xd8 .\CortexM0\ARM_GCC_484\Debug\BLE Lab 3.a(BLE_1_hrs.o)
                0x00000bf0                CyBle_HrssSendNotification
 .text.CyBle_HrssWriteEventHandler
                0x00000cc8      0x118 .\CortexM0\ARM_GCC_484\Debug\BLE Lab 3.a(BLE_1_hrs.o)
                0x00000cc8                CyBle_HrssWriteEventHandler
 .text.CyBle_Init
                0x00000de0       0x2c .\CortexM0\ARM_GCC_484\Debug\BLE Lab 3.a(BLE_1.o)
                0x00000de0                CyBle_Init
 .text.CyBle_ServiceInit
                0x00000e0c       0x10 .\CortexM0\ARM_GCC_484\Debug\BLE Lab 3.a(BLE_1.o)
                0x00000e0c                CyBle_ServiceInit
 .text.CyBle_Start
                0x00000e1c       0x90 .\CortexM0\ARM_GCC_484\Debug\BLE Lab 3.a(BLE_1.o)
                0x00000e1c                CyBle_Start
 .text.CyBle_Stop
                0x00000eac       0x1c .\CortexM0\ARM_GCC_484\Debug\BLE Lab 3.a(BLE_1.o)
                0x00000eac                CyBle_Stop
 .text.CyBle_GappStartAdvertisement
                0x00000ec8       0xc4 .\CortexM0\ARM_GCC_484\Debug\BLE Lab 3.a(BLE_1.o)
                0x00000ec8                CyBle_GappStartAdvertisement
 .text.CyBle_ChangeAdDeviceAddress
                0x00000f8c       0x60 .\CortexM0\ARM_GCC_484\Debug\BLE Lab 3.a(BLE_1.o)
                0x00000f8c                CyBle_ChangeAdDeviceAddress
 .text.CyBle_Get16ByPtr
                0x00000fec       0x24 .\CortexM0\ARM_GCC_484\Debug\BLE Lab 3.a(BLE_1.o)
                0x00000fec                CyBle_Get16ByPtr
 .text.CyBle_GattsWriteEventHandler
                0x00001010       0xa0 .\CortexM0\ARM_GCC_484\Debug\BLE Lab 3.a(BLE_1_gatt.o)
                0x00001010                CyBle_GattsWriteEventHandler
 .text.CyBle_WriteReqHandler
                0x000010b0       0x98 .\CortexM0\ARM_GCC_484\Debug\BLE Lab 3.a(BLE_1_eventHandler.o)
 .text.CyBle_ValueConfirmation
                0x00001148       0x10 .\CortexM0\ARM_GCC_484\Debug\BLE Lab 3.a(BLE_1_eventHandler.o)
 .text.CyBle_GattDisconnectEventHandler
                0x00001158       0x18 .\CortexM0\ARM_GCC_484\Debug\BLE Lab 3.a(BLE_1_eventHandler.o)
 .text.CyBle_TimeOutEventHandler
                0x00001170       0x10 .\CortexM0\ARM_GCC_484\Debug\BLE Lab 3.a(BLE_1_eventHandler.o)
 .text.CyBle_GattConnectReqHandler
                0x00001180        0x8 .\CortexM0\ARM_GCC_484\Debug\BLE Lab 3.a(BLE_1_eventHandler.o)
 .text.CyBle_IsDeviceAddressValid
                0x00001188       0x60 .\CortexM0\ARM_GCC_484\Debug\BLE Lab 3.a(BLE_1_eventHandler.o)
 .text.CyBle_L2Cap_ConnParamUpdateRspEventHandler
                0x000011e8       0x14 .\CortexM0\ARM_GCC_484\Debug\BLE Lab 3.a(BLE_1_eventHandler.o)
 .text.CyBle_GapConnUpdateCompleteEventHandler
                0x000011fc       0x10 .\CortexM0\ARM_GCC_484\Debug\BLE Lab 3.a(BLE_1_eventHandler.o)
 .text.CyBle_EventHandler
                0x0000120c      0x2bc .\CortexM0\ARM_GCC_484\Debug\BLE Lab 3.a(BLE_1_eventHandler.o)
                0x0000120c                CyBle_EventHandler
 .text.CyBle_DisInit
                0x000014c8        0x8 .\CortexM0\ARM_GCC_484\Debug\BLE Lab 3.a(BLE_1_dis.o)
                0x000014c8                CyBle_DisInit
 .text.Opamp_Init
                0x000014d0       0x34 .\CortexM0\ARM_GCC_484\Debug\BLE Lab 3.a(Opamp.o)
                0x000014d0                Opamp_Init
 .text.Opamp_Enable
                0x00001504       0x24 .\CortexM0\ARM_GCC_484\Debug\BLE Lab 3.a(Opamp.o)
                0x00001504                Opamp_Enable
 .text.Opamp_Start
                0x00001528       0x24 .\CortexM0\ARM_GCC_484\Debug\BLE Lab 3.a(Opamp.o)
                0x00001528                Opamp_Start
 .text.ADC_Start
                0x0000154c       0x24 .\CortexM0\ARM_GCC_484\Debug\BLE Lab 3.a(ADC.o)
                0x0000154c                ADC_Start
 .text.ADC_Init
                0x00001570      0x1c4 .\CortexM0\ARM_GCC_484\Debug\BLE Lab 3.a(ADC.o)
                0x00001570                ADC_Init
 .text.ADC_Enable
                0x00001734       0x38 .\CortexM0\ARM_GCC_484\Debug\BLE Lab 3.a(ADC.o)
                0x00001734                ADC_Enable
 .text.ADC_Stop
                0x0000176c       0x18 .\CortexM0\ARM_GCC_484\Debug\BLE Lab 3.a(ADC.o)
                0x0000176c                ADC_Stop
 .text.ADC_StartConvert
                0x00001784       0x14 .\CortexM0\ARM_GCC_484\Debug\BLE Lab 3.a(ADC.o)
                0x00001784                ADC_StartConvert
 .text.ADC_StopConvert
                0x00001798        0x8 .\CortexM0\ARM_GCC_484\Debug\BLE Lab 3.a(ADC.o)
                0x00001798                ADC_StopConvert
 .text.ADC_IsEndConversion
                0x000017a0       0x48 .\CortexM0\ARM_GCC_484\Debug\BLE Lab 3.a(ADC.o)
                0x000017a0                ADC_IsEndConversion
 .text.ADC_GetResult16
                0x000017e8       0x44 .\CortexM0\ARM_GCC_484\Debug\BLE Lab 3.a(ADC.o)
                0x000017e8                ADC_GetResult16
 .text.ADC_Sleep
                0x0000182c       0x84 .\CortexM0\ARM_GCC_484\Debug\BLE Lab 3.a(ADC_PM.o)
                0x0000182c                ADC_Sleep
 .text.ADC_Wakeup
                0x000018b0       0x58 .\CortexM0\ARM_GCC_484\Debug\BLE Lab 3.a(ADC_PM.o)
                0x000018b0                ADC_Wakeup
 .text.ADC_ISR  0x00001908       0x1c .\CortexM0\ARM_GCC_484\Debug\BLE Lab 3.a(ADC_INT.o)
                0x00001908                ADC_ISR
 *fill*         0x00001924        0x4 
 .text          0x00001928       0x20 .\CortexM0\ARM_GCC_484\Debug\BLE Lab 3.a(CyBootAsmGnu.o)
                0x00001928                CyDelayCycles
                0x0000193a                CyEnterCriticalSection
                0x00001942                CyExitCriticalSection
 .text.CySysClkWcoSetHighPowerMode
                0x00001948       0x3c .\CortexM0\ARM_GCC_484\Debug\BLE Lab 3.a(CyLib.o)
 .text.CySysClkWcoSetLowPowerMode
                0x00001984       0x48 .\CortexM0\ARM_GCC_484\Debug\BLE Lab 3.a(CyLib.o)
 .text.CySysClkWriteSysclkDiv
                0x000019cc       0x44 .\CortexM0\ARM_GCC_484\Debug\BLE Lab 3.a(CyLib.o)
                0x000019cc                CySysClkWriteSysclkDiv
 .text.CySysClkEcoStart
                0x00001a10       0x74 .\CortexM0\ARM_GCC_484\Debug\BLE Lab 3.a(CyLib.o)
                0x00001a10                CySysClkEcoStart
 .text.CySysClkEcoReadStatus
                0x00001a84       0x18 .\CortexM0\ARM_GCC_484\Debug\BLE Lab 3.a(CyLib.o)
                0x00001a84                CySysClkEcoReadStatus
 .text.CySysClkWcoStart
                0x00001a9c       0x20 .\CortexM0\ARM_GCC_484\Debug\BLE Lab 3.a(CyLib.o)
                0x00001a9c                CySysClkWcoStart
 .text.CySysClkWcoSetPowerMode
                0x00001abc       0x40 .\CortexM0\ARM_GCC_484\Debug\BLE Lab 3.a(CyLib.o)
                0x00001abc                CySysClkWcoSetPowerMode
 .text.CySysWdtLock
                0x00001afc       0x34 .\CortexM0\ARM_GCC_484\Debug\BLE Lab 3.a(CyLib.o)
                0x00001afc                CySysWdtLock
 .text.CySysWdtLocked
                0x00001b30       0x20 .\CortexM0\ARM_GCC_484\Debug\BLE Lab 3.a(CyLib.o)
 .text.CySysWdtUnlock
                0x00001b50       0x4c .\CortexM0\ARM_GCC_484\Debug\BLE Lab 3.a(CyLib.o)
                0x00001b50                CySysWdtUnlock
 .text.CySysWdtReadEnabledStatus
                0x00001b9c       0x30 .\CortexM0\ARM_GCC_484\Debug\BLE Lab 3.a(CyLib.o)
                0x00001b9c                CySysWdtReadEnabledStatus
 .text.CySysWdtWriteMode
                0x00001bcc       0x60 .\CortexM0\ARM_GCC_484\Debug\BLE Lab 3.a(CyLib.o)
                0x00001bcc                CySysWdtWriteMode
 .text.CySysWdtWriteClearOnMatch
                0x00001c2c       0x70 .\CortexM0\ARM_GCC_484\Debug\BLE Lab 3.a(CyLib.o)
                0x00001c2c                CySysWdtWriteClearOnMatch
 .text.CySysWdtEnable
                0x00001c9c       0x64 .\CortexM0\ARM_GCC_484\Debug\BLE Lab 3.a(CyLib.o)
                0x00001c9c                CySysWdtEnable
 .text.CySysWdtWriteMatch
                0x00001d00       0x90 .\CortexM0\ARM_GCC_484\Debug\BLE Lab 3.a(CyLib.o)
                0x00001d00                CySysWdtWriteMatch
 .text.CySysWdtClearInterrupt
                0x00001d90       0x6c .\CortexM0\ARM_GCC_484\Debug\BLE Lab 3.a(CyLib.o)
                0x00001d90                CySysWdtClearInterrupt
 .text.CyIntSetVector
                0x00001dfc       0x4c .\CortexM0\ARM_GCC_484\Debug\BLE Lab 3.a(CyLib.o)
                0x00001dfc                CyIntSetVector
 .text.CyIntSetPriority
                0x00001e48       0xa8 .\CortexM0\ARM_GCC_484\Debug\BLE Lab 3.a(CyLib.o)
                0x00001e48                CyIntSetPriority
 .text.CyIntEnable
                0x00001ef0       0x2c .\CortexM0\ARM_GCC_484\Debug\BLE Lab 3.a(CyLib.o)
                0x00001ef0                CyIntEnable
 .text.CyHalt   0x00001f1c       0x14 .\CortexM0\ARM_GCC_484\Debug\BLE Lab 3.a(CyLib.o)
                0x00001f1c                CyHalt
 .text.CyDelay  0x00001f30       0x48 .\CortexM0\ARM_GCC_484\Debug\BLE Lab 3.a(CyLib.o)
                0x00001f30                CyDelay
 .text.CyDelayUs
                0x00001f78       0x28 .\CortexM0\ARM_GCC_484\Debug\BLE Lab 3.a(CyLib.o)
                0x00001f78                CyDelayUs
 .text.CySysPmSleep
                0x00001fa0       0x34 .\CortexM0\ARM_GCC_484\Debug\BLE Lab 3.a(cyPm.o)
                0x00001fa0                CySysPmSleep
 .text.CySysPmDeepSleep
                0x00001fd4       0x6c .\CortexM0\ARM_GCC_484\Debug\BLE Lab 3.a(cyPm.o)
                0x00001fd4                CySysPmDeepSleep
 .text.CySysPmHibernate
                0x00002040       0x6c .\CortexM0\ARM_GCC_484\Debug\BLE Lab 3.a(cyPm.o)
                0x00002040                CySysPmHibernate
 .text.PWM_1_Init
                0x000020ac       0x5c .\CortexM0\ARM_GCC_484\Debug\BLE Lab 3.a(PWM_1.o)
                0x000020ac                PWM_1_Init
 .text.PWM_1_Enable
                0x00002108       0x38 .\CortexM0\ARM_GCC_484\Debug\BLE Lab 3.a(PWM_1.o)
                0x00002108                PWM_1_Enable
 .text.PWM_1_Start
                0x00002140       0x24 .\CortexM0\ARM_GCC_484\Debug\BLE Lab 3.a(PWM_1.o)
                0x00002140                PWM_1_Start
 .text.PWM_1_WriteCounter
                0x00002164       0x1c .\CortexM0\ARM_GCC_484\Debug\BLE Lab 3.a(PWM_1.o)
                0x00002164                PWM_1_WriteCounter
 .text.PWM_1_ReadCounter
                0x00002180       0x18 .\CortexM0\ARM_GCC_484\Debug\BLE Lab 3.a(PWM_1.o)
                0x00002180                PWM_1_ReadCounter
 .text.PWM_1_WritePeriod
                0x00002198       0x1c .\CortexM0\ARM_GCC_484\Debug\BLE Lab 3.a(PWM_1.o)
                0x00002198                PWM_1_WritePeriod
 .text.PWM_1_WriteCompare
                0x000021b4       0x1c .\CortexM0\ARM_GCC_484\Debug\BLE Lab 3.a(PWM_1.o)
                0x000021b4                PWM_1_WriteCompare
 .text.PWM_1_ReadCompare
                0x000021d0       0x18 .\CortexM0\ARM_GCC_484\Debug\BLE Lab 3.a(PWM_1.o)
                0x000021d0                PWM_1_ReadCompare
 .text.PWM_1_TriggerCommand
                0x000021e8       0x3c .\CortexM0\ARM_GCC_484\Debug\BLE Lab 3.a(PWM_1.o)
                0x000021e8                PWM_1_TriggerCommand
 .text.PWM_1_SetInterruptMode
                0x00002224       0x18 .\CortexM0\ARM_GCC_484\Debug\BLE Lab 3.a(PWM_1.o)
                0x00002224                PWM_1_SetInterruptMode
 .text.CyBLE_Bless_LlRegWrite
                0x0000223c       0x1c .\CortexM0\ARM_GCC_484\Debug\BLE Lab 3.a(BLE_1_HAL_PVT.o)
                0x0000223c                CyBLE_Bless_LlRegWrite
 .text.CyBLE_Bless_RfRegWrite
                0x00002258       0x1c .\CortexM0\ARM_GCC_484\Debug\BLE Lab 3.a(BLE_1_HAL_PVT.o)
                0x00002258                CyBLE_Bless_RfRegWrite
 .text.CyBleHal_DelayUs
                0x00002274       0x1c .\CortexM0\ARM_GCC_484\Debug\BLE Lab 3.a(BLE_1_HAL_PVT.o)
                0x00002274                CyBleHal_DelayUs
 .text.CyBleHal_EnableGlobalInterrupts
                0x00002290        0xc .\CortexM0\ARM_GCC_484\Debug\BLE Lab 3.a(BLE_1_HAL_PVT.o)
                0x00002290                CyBleHal_EnableGlobalInterrupts
 .text.CyBleHal_DisableGlobalInterrupts
                0x0000229c        0xc .\CortexM0\ARM_GCC_484\Debug\BLE Lab 3.a(BLE_1_HAL_PVT.o)
                0x0000229c                CyBleHal_DisableGlobalInterrupts
 .text.CyBle_HalInit
                0x000022a8       0x20 .\CortexM0\ARM_GCC_484\Debug\BLE Lab 3.a(BLE_1_HAL_PVT.o)
                0x000022a8                CyBle_HalInit
 .text.CYBLE_BlessStart
                0x000022c8       0x14 .\CortexM0\ARM_GCC_484\Debug\BLE Lab 3.a(BLE_1_HAL_PVT.o)
                0x000022c8                CYBLE_BlessStart
 .text.BLE_1_bless_isr_StartEx
                0x000022dc       0x24 .\CortexM0\ARM_GCC_484\Debug\BLE Lab 3.a(BLE_1_bless_isr.o)
                0x000022dc                BLE_1_bless_isr_StartEx
 .text.BLE_1_bless_isr_SetVector
                0x00002300       0x18 .\CortexM0\ARM_GCC_484\Debug\BLE Lab 3.a(BLE_1_bless_isr.o)
                0x00002300                BLE_1_bless_isr_SetVector
 .text.BLE_1_bless_isr_SetPriority
                0x00002318       0x50 .\CortexM0\ARM_GCC_484\Debug\BLE Lab 3.a(BLE_1_bless_isr.o)
                0x00002318                BLE_1_bless_isr_SetPriority
 .text.BLE_1_bless_isr_Enable
                0x00002368       0x14 .\CortexM0\ARM_GCC_484\Debug\BLE Lab 3.a(BLE_1_bless_isr.o)
                0x00002368                BLE_1_bless_isr_Enable
 .text.BLE_1_bless_isr_Disable
                0x0000237c       0x14 .\CortexM0\ARM_GCC_484\Debug\BLE Lab 3.a(BLE_1_bless_isr.o)
                0x0000237c                BLE_1_bless_isr_Disable
 .text.CyBLE_Bless_Interrupt
                0x00002390        0xc .\CortexM0\ARM_GCC_484\Debug\BLE Lab 3.a(BLE_1_HAL_INT.o)
                0x00002390                CyBLE_Bless_Interrupt
 .text          0x0000239c       0x9c c:/program files (x86)/cypress/psoc creator/3.1/psoc creator/import/gnu_cs/arm/4.8.4/bin/../lib/gcc/arm-none-eabi/4.8.4/armv6-m\libgcc.a(_udivsi3.o)
                0x0000239c                __aeabi_uidiv
                0x0000239c                __udivsi3
                0x00002424                __aeabi_uidivmod
 .text          0x00002438       0xc0 c:/program files (x86)/cypress/psoc creator/3.1/psoc creator/import/gnu_cs/arm/4.8.4/bin/../lib/gcc/arm-none-eabi/4.8.4/armv6-m\libgcc.a(_divsi3.o)
                0x00002438                __divsi3
                0x00002438                __aeabi_idiv
                0x000024e4                __aeabi_idivmod
 .text          0x000024f8        0x4 c:/program files (x86)/cypress/psoc creator/3.1/psoc creator/import/gnu_cs/arm/4.8.4/bin/../lib/gcc/arm-none-eabi/4.8.4/armv6-m\libgcc.a(_dvmd_tls.o)
                0x000024f8                __aeabi_idiv0
                0x000024f8                __aeabi_ldiv0
 .text.__libc_init_array
                0x000024fc       0x4c c:/program files (x86)/cypress/psoc creator/3.1/psoc creator/import/gnu_cs/arm/4.8.4/bin/../lib/gcc/arm-none-eabi/4.8.4/../../../../arm-none-eabi/lib/armv6-m\libg_s.a(lib_a-init.o)
                0x000024fc                __libc_init_array
 .text.memcmp   0x00002548       0x1e c:/program files (x86)/cypress/psoc creator/3.1/psoc creator/import/gnu_cs/arm/4.8.4/bin/../lib/gcc/arm-none-eabi/4.8.4/../../../../arm-none-eabi/lib/armv6-m\libg_s.a(lib_a-memcmp.o)
                0x00002548                memcmp
 .text.memcpy   0x00002566       0x12 c:/program files (x86)/cypress/psoc creator/3.1/psoc creator/import/gnu_cs/arm/4.8.4/bin/../lib/gcc/arm-none-eabi/4.8.4/../../../../arm-none-eabi/lib/armv6-m\libg_s.a(lib_a-memcpy-stub.o)
                0x00002566                memcpy
 .text.memset   0x00002578       0x10 c:/program files (x86)/cypress/psoc creator/3.1/psoc creator/import/gnu_cs/arm/4.8.4/bin/../lib/gcc/arm-none-eabi/4.8.4/../../../../arm-none-eabi/lib/armv6-m\libg_s.a(lib_a-memset.o)
                0x00002578                memset
 *(.plt)
 *(.gnu.warning)
 *(.glue_7t)
 .glue_7t       0x00000000        0x0 linker stubs
 *(.glue_7)
 .glue_7        0x00000000        0x0 linker stubs
 *(.vfp11_veneer)
 .vfp11_veneer  0x00000000        0x0 linker stubs
 *(.bootloader)
 *(.ARM.extab* .gnu.linkonce.armextab.*)
 *(.gcc_except_table)

.v4_bx          0x00002588        0x0
 .v4_bx         0x00000000        0x0 linker stubs

.iplt           0x00002588        0x0
 .iplt          0x00000000        0x0 c:/program files (x86)/cypress/psoc creator/3.1/psoc creator/import/gnu_cs/arm/4.8.4/bin/../lib/gcc/arm-none-eabi/4.8.4/armv6-m/crtbegin.o

i.CyBle_ExitLPM
                0x00002588        0x8
 i.CyBle_ExitLPM
                0x00002588        0x8 C:\Program Files (x86)\Cypress\PSoC Creator\3.1\PSoC Creator\psoc\content\cycomponentlibrary\CyComponentLibrary.cylib\BLE_v1_20\Library\gccCyBLEStack_BLE_SOC_PERIPHERAL.a(CyBle.o)
                0x00002588                CyBle_ExitLPM

i.CyBle_ProcessEvents
                0x00002590        0x8
 i.CyBle_ProcessEvents
                0x00002590        0x8 C:\Program Files (x86)\Cypress\PSoC Creator\3.1\PSoC Creator\psoc\content\cycomponentlibrary\CyComponentLibrary.cylib\BLE_v1_20\Library\gccCyBLEStack_BLE_SOC_PERIPHERAL.a(CyBle.o)
                0x00002590                CyBle_ProcessEvents

i.CyBle_SetDeviceAddress
                0x00002598       0x24
 i.CyBle_SetDeviceAddress
                0x00002598       0x24 C:\Program Files (x86)\Cypress\PSoC Creator\3.1\PSoC Creator\psoc\content\cycomponentlibrary\CyComponentLibrary.cylib\BLE_v1_20\Library\gccCyBLEStack_BLE_SOC_PERIPHERAL.a(CyBle.o)
                0x00002598                CyBle_SetDeviceAddress

i.CyBle_Shutdown
                0x000025bc       0x28
 i.CyBle_Shutdown
                0x000025bc       0x28 C:\Program Files (x86)\Cypress\PSoC Creator\3.1\PSoC Creator\psoc\content\cycomponentlibrary\CyComponentLibrary.cylib\BLE_v1_20\Library\gccCyBLEStack_BLE_SOC_PERIPHERAL.a(CyBle.o)
                0x000025bc                CyBle_Shutdown

i.CyBle_StackInit
                0x000025e4       0x84
 i.CyBle_StackInit
                0x000025e4       0x84 C:\Program Files (x86)\Cypress\PSoC Creator\3.1\PSoC Creator\psoc\content\cycomponentlibrary\CyComponentLibrary.cylib\BLE_v1_20\Library\gccCyBLEStack_BLE_SOC_PERIPHERAL.a(CyBle.o)
                0x000025e4                CyBle_StackInit

i.CyBleStackMgr_BleGetConfigData
                0x00002668        0x4
 i.CyBleStackMgr_BleGetConfigData
                0x00002668        0x4 C:\Program Files (x86)\Cypress\PSoC Creator\3.1\PSoC Creator\psoc\content\cycomponentlibrary\CyComponentLibrary.cylib\BLE_v1_20\Library\gccCyBLEStack_BLE_SOC_PERIPHERAL.a(CyBleStackMgrIP_Interface.o)
                0x00002668                CyBleStackMgr_BleGetConfigData

i.CyBleStackMgr_BleSetConfigData
                0x0000266c        0x4
 i.CyBleStackMgr_BleSetConfigData
                0x0000266c        0x4 C:\Program Files (x86)\Cypress\PSoC Creator\3.1\PSoC Creator\psoc\content\cycomponentlibrary\CyComponentLibrary.cylib\BLE_v1_20\Library\gccCyBLEStack_BLE_SOC_PERIPHERAL.a(CyBleStackMgrIP_Interface.o)
                0x0000266c                CyBleStackMgr_BleSetConfigData

i.CyBleStackMgr_Init
                0x00002670      0x104
 i.CyBleStackMgr_Init
                0x00002670      0x104 C:\Program Files (x86)\Cypress\PSoC Creator\3.1\PSoC Creator\psoc\content\cycomponentlibrary\CyComponentLibrary.cylib\BLE_v1_20\Library\gccCyBLEStack_BLE_SOC_PERIPHERAL.a(CyBleStackMgrIP_Interface.o)
                0x00002670                CyBleStackMgr_Init

i.CyBleStackMgr_ProcessBleEvents
                0x00002774       0x14
 i.CyBleStackMgr_ProcessBleEvents
                0x00002774       0x14 C:\Program Files (x86)\Cypress\PSoC Creator\3.1\PSoC Creator\psoc\content\cycomponentlibrary\CyComponentLibrary.cylib\BLE_v1_20\Library\gccCyBLEStack_BLE_SOC_PERIPHERAL.a(CyBleStackMgrIP_Interface.o)
                0x00002774                CyBleStackMgr_ProcessBleEvents

i.CyBleStackMgr_Reset
                0x00002788       0x16
 i.CyBleStackMgr_Reset
                0x00002788       0x16 C:\Program Files (x86)\Cypress\PSoC Creator\3.1\PSoC Creator\psoc\content\cycomponentlibrary\CyComponentLibrary.cylib\BLE_v1_20\Library\gccCyBLEStack_BLE_SOC_PERIPHERAL.a(CyBleStackMgrIP_Interface.o)
                0x00002788                CyBleStackMgr_Reset

i.CyBleStackMgr_Shutdown
                0x000027a0       0x18
 i.CyBleStackMgr_Shutdown
                0x000027a0       0x18 C:\Program Files (x86)\Cypress\PSoC Creator\3.1\PSoC Creator\psoc\content\cycomponentlibrary\CyComponentLibrary.cylib\BLE_v1_20\Library\gccCyBLEStack_BLE_SOC_PERIPHERAL.a(CyBleStackMgrIP_Interface.o)
                0x000027a0                CyBleStackMgr_Shutdown

i.ble_stack_idle_task_callback
                0x000027b8        0x2
 i.ble_stack_idle_task_callback
                0x000027b8        0x2 C:\Program Files (x86)\Cypress\PSoC Creator\3.1\PSoC Creator\psoc\content\cycomponentlibrary\CyComponentLibrary.cylib\BLE_v1_20\Library\gccCyBLEStack_BLE_SOC_PERIPHERAL.a(CyBleStackMgrIP_Interface.o)
                0x000027b8                ble_stack_idle_task_callback

i.BT_OSFreeBuf  0x000027bc       0x18
 i.BT_OSFreeBuf
                0x000027bc       0x18 C:\Program Files (x86)\Cypress\PSoC Creator\3.1\PSoC Creator\psoc\content\cycomponentlibrary\CyComponentLibrary.cylib\BLE_v1_20\Library\gccCyBLEStack_BLE_SOC_PERIPHERAL.a(BT_os.o)
                0x000027bc                BT_OSFreeBuf

i.BT_OSGetBuF   0x000027d4       0x1c
 i.BT_OSGetBuF  0x000027d4       0x1c C:\Program Files (x86)\Cypress\PSoC Creator\3.1\PSoC Creator\psoc\content\cycomponentlibrary\CyComponentLibrary.cylib\BLE_v1_20\Library\gccCyBLEStack_BLE_SOC_PERIPHERAL.a(BT_os.o)
                0x000027d4                BT_OSGetBuF

i.BT_OSMemCreate
                0x000027f0       0x1c
 i.BT_OSMemCreate
                0x000027f0       0x1c C:\Program Files (x86)\Cypress\PSoC Creator\3.1\PSoC Creator\psoc\content\cycomponentlibrary\CyComponentLibrary.cylib\BLE_v1_20\Library\gccCyBLEStack_BLE_SOC_PERIPHERAL.a(BT_os.o)
                0x000027f0                BT_OSMemCreate

i.BT_alloc_mem_ext
                0x0000280c       0x34
 i.BT_alloc_mem_ext
                0x0000280c       0x34 C:\Program Files (x86)\Cypress\PSoC Creator\3.1\PSoC Creator\psoc\content\cycomponentlibrary\CyComponentLibrary.cylib\BLE_v1_20\Library\gccCyBLEStack_BLE_SOC_PERIPHERAL.a(BT_os.o)
                0x0000280c                BT_alloc_mem_ext

i.BT_free_mem   0x00002840        0xc
 i.BT_free_mem  0x00002840        0xc C:\Program Files (x86)\Cypress\PSoC Creator\3.1\PSoC Creator\psoc\content\cycomponentlibrary\CyComponentLibrary.cylib\BLE_v1_20\Library\gccCyBLEStack_BLE_SOC_PERIPHERAL.a(BT_os.o)
                0x00002840                BT_free_mem

i.bt_stack_init_os
                0x0000284c       0x34
 i.bt_stack_init_os
                0x0000284c       0x34 C:\Program Files (x86)\Cypress\PSoC Creator\3.1\PSoC Creator\psoc\content\cycomponentlibrary\CyComponentLibrary.cylib\BLE_v1_20\Library\gccCyBLEStack_BLE_SOC_PERIPHERAL.a(BT_os.o)
                0x0000284c                bt_stack_init_os

i.CyBle_CheckBleStackTaskStatus
                0x00002880        0x4
 i.CyBle_CheckBleStackTaskStatus
                0x00002880        0x4 C:\Program Files (x86)\Cypress\PSoC Creator\3.1\PSoC Creator\psoc\content\cycomponentlibrary\CyComponentLibrary.cylib\BLE_v1_20\Library\gccCyBLEStack_BLE_SOC_PERIPHERAL.a(CyBleStackMgr_StackTaskHandler.o)
                0x00002880                CyBle_CheckBleStackTaskStatus

i.CyBle_CreateBleStackTask
                0x00002884       0x2c
 i.CyBle_CreateBleStackTask
                0x00002884       0x2c C:\Program Files (x86)\Cypress\PSoC Creator\3.1\PSoC Creator\psoc\content\cycomponentlibrary\CyComponentLibrary.cylib\BLE_v1_20\Library\gccCyBLEStack_BLE_SOC_PERIPHERAL.a(CyBleStackMgr_StackTaskHandler.o)
                0x00002884                CyBle_CreateBleStackTask

i.CyBle_SignalBleStackTask
                0x000028b0       0x50
 i.CyBle_SignalBleStackTask
                0x000028b0       0x50 C:\Program Files (x86)\Cypress\PSoC Creator\3.1\PSoC Creator\psoc\content\cycomponentlibrary\CyComponentLibrary.cylib\BLE_v1_20\Library\gccCyBLEStack_BLE_SOC_PERIPHERAL.a(CyBleStackMgr_StackTaskHandler.o)
                0x000028b0                CyBle_SignalBleStackTask

i.CyBle_StackTaskHandler
                0x00002900       0x5c
 i.CyBle_StackTaskHandler
                0x00002900       0x5c C:\Program Files (x86)\Cypress\PSoC Creator\3.1\PSoC Creator\psoc\content\cycomponentlibrary\CyComponentLibrary.cylib\BLE_v1_20\Library\gccCyBLEStack_BLE_SOC_PERIPHERAL.a(CyBleStackMgr_StackTaskHandler.o)
                0x00002900                CyBle_StackTaskHandler

i.__ARM_common_switch8
                0x0000295c       0x1a
 i.__ARM_common_switch8
                0x0000295c       0x1a C:\Program Files (x86)\Cypress\PSoC Creator\3.1\PSoC Creator\psoc\content\cycomponentlibrary\CyComponentLibrary.cylib\BLE_v1_20\Library\gccCyBLEStack_BLE_SOC_PERIPHERAL.a(CyBleStackMgr_StackTaskHandler.o)
                0x0000295c                __ARM_common_switch8

i.hci_soft_transport_notify_data_received
                0x00002978        0xc
 i.hci_soft_transport_notify_data_received
                0x00002978        0xc C:\Program Files (x86)\Cypress\PSoC Creator\3.1\PSoC Creator\psoc\content\cycomponentlibrary\CyComponentLibrary.cylib\BLE_v1_20\Library\gccCyBLEStack_BLE_SOC_PERIPHERAL.a(transport_sf.o)
                0x00002978                hci_soft_transport_notify_data_received

i.hci_soft_transport_rx_data
                0x00002984       0x40
 i.hci_soft_transport_rx_data
                0x00002984       0x40 C:\Program Files (x86)\Cypress\PSoC Creator\3.1\PSoC Creator\psoc\content\cycomponentlibrary\CyComponentLibrary.cylib\BLE_v1_20\Library\gccCyBLEStack_BLE_SOC_PERIPHERAL.a(transport_sf.o)
                0x00002984                hci_soft_transport_rx_data

i.hci_transport_bt_init
                0x000029c4        0x2
 i.hci_transport_bt_init
                0x000029c4        0x2 C:\Program Files (x86)\Cypress\PSoC Creator\3.1\PSoC Creator\psoc\content\cycomponentlibrary\CyComponentLibrary.cylib\BLE_v1_20\Library\gccCyBLEStack_BLE_SOC_PERIPHERAL.a(transport_sf.o)
                0x000029c4                hci_transport_bt_init

i.hci_transport_bt_shutdown
                0x000029c6        0x2
 i.hci_transport_bt_shutdown
                0x000029c6        0x2 C:\Program Files (x86)\Cypress\PSoC Creator\3.1\PSoC Creator\psoc\content\cycomponentlibrary\CyComponentLibrary.cylib\BLE_v1_20\Library\gccCyBLEStack_BLE_SOC_PERIPHERAL.a(transport_sf.o)
                0x000029c6                hci_transport_bt_shutdown

i.hci_transport_init
                0x000029c8       0x10
 i.hci_transport_init
                0x000029c8       0x10 C:\Program Files (x86)\Cypress\PSoC Creator\3.1\PSoC Creator\psoc\content\cycomponentlibrary\CyComponentLibrary.cylib\BLE_v1_20\Library\gccCyBLEStack_BLE_SOC_PERIPHERAL.a(transport_sf.o)
                0x000029c8                hci_transport_init

i.hci_transport_write_data
                0x000029d8       0xd4
 i.hci_transport_write_data
                0x000029d8       0xd4 C:\Program Files (x86)\Cypress\PSoC Creator\3.1\PSoC Creator\psoc\content\cycomponentlibrary\CyComponentLibrary.cylib\BLE_v1_20\Library\gccCyBLEStack_BLE_SOC_PERIPHERAL.a(transport_sf.o)
                0x000029d8                hci_transport_write_data

i.pf_hci_soft_transport_write
                0x00002aac       0x44
 i.pf_hci_soft_transport_write
                0x00002aac       0x44 C:\Program Files (x86)\Cypress\PSoC Creator\3.1\PSoC Creator\psoc\content\cycomponentlibrary\CyComponentLibrary.cylib\BLE_v1_20\Library\gccCyBLEStack_BLE_SOC_PERIPHERAL.a(transport_sf.o)
                0x00002aac                pf_hci_soft_transport_write

i.pf_soft_hci_transport_init
                0x00002af0        0xc
 i.pf_soft_hci_transport_init
                0x00002af0        0xc C:\Program Files (x86)\Cypress\PSoC Creator\3.1\PSoC Creator\psoc\content\cycomponentlibrary\CyComponentLibrary.cylib\BLE_v1_20\Library\gccCyBLEStack_BLE_SOC_PERIPHERAL.a(transport_sf.o)
                0x00002af0                pf_soft_hci_transport_init

i.CyBleStackMgr_GetTime
                0x00002afc       0x14
 i.CyBleStackMgr_GetTime
                0x00002afc       0x14 C:\Program Files (x86)\Cypress\PSoC Creator\3.1\PSoC Creator\psoc\content\cycomponentlibrary\CyComponentLibrary.cylib\BLE_v1_20\Library\gccCyBLEStack_BLE_SOC_PERIPHERAL.a(CyBleStackMgr_PSoCHal.o)
                0x00002afc                CyBleStackMgr_GetTime

i.CyBleStackMgr_HalInit
                0x00002b10       0x24
 i.CyBleStackMgr_HalInit
                0x00002b10       0x24 C:\Program Files (x86)\Cypress\PSoC Creator\3.1\PSoC Creator\psoc\content\cycomponentlibrary\CyComponentLibrary.cylib\BLE_v1_20\Library\gccCyBLEStack_BLE_SOC_PERIPHERAL.a(CyBleStackMgr_PSoCHal.o)
                0x00002b10                CyBleStackMgr_HalInit

i.CyBleStackMgr_HalIntrEnable
                0x00002b34        0x8
 i.CyBleStackMgr_HalIntrEnable
                0x00002b34        0x8 C:\Program Files (x86)\Cypress\PSoC Creator\3.1\PSoC Creator\psoc\content\cycomponentlibrary\CyComponentLibrary.cylib\BLE_v1_20\Library\gccCyBLEStack_BLE_SOC_PERIPHERAL.a(CyBleStackMgr_PSoCHal.o)
                0x00002b34                CyBleStackMgr_HalIntrEnable

i.CyBleStackMgr_HalReset
                0x00002b3c        0x4
 i.CyBleStackMgr_HalReset
                0x00002b3c        0x4 C:\Program Files (x86)\Cypress\PSoC Creator\3.1\PSoC Creator\psoc\content\cycomponentlibrary\CyComponentLibrary.cylib\BLE_v1_20\Library\gccCyBLEStack_BLE_SOC_PERIPHERAL.a(CyBleStackMgr_PSoCHal.o)
                0x00002b3c                CyBleStackMgr_HalReset

i.CyBleStackMgr_HandleLinkLayerTick
                0x00002b40       0x5c
 i.CyBleStackMgr_HandleLinkLayerTick
                0x00002b40       0x5c C:\Program Files (x86)\Cypress\PSoC Creator\3.1\PSoC Creator\psoc\content\cycomponentlibrary\CyComponentLibrary.cylib\BLE_v1_20\Library\gccCyBLEStack_BLE_SOC_PERIPHERAL.a(CyBleStackMgr_PSoCHal.o)
                0x00002b40                CyBleStackMgr_HandleLinkLayerTick

i.CyBleStackMgr_HciPortInit
                0x00002b9c        0xc
 i.CyBleStackMgr_HciPortInit
                0x00002b9c        0xc C:\Program Files (x86)\Cypress\PSoC Creator\3.1\PSoC Creator\psoc\content\cycomponentlibrary\CyComponentLibrary.cylib\BLE_v1_20\Library\gccCyBLEStack_BLE_SOC_PERIPHERAL.a(CyBleStackMgr_PSoCHal.o)
                0x00002b9c                CyBleStackMgr_HciPortInit

i.CyBleStackMgr_HciPortReset
                0x00002ba8        0x2
 i.CyBleStackMgr_HciPortReset
                0x00002ba8        0x2 C:\Program Files (x86)\Cypress\PSoC Creator\3.1\PSoC Creator\psoc\content\cycomponentlibrary\CyComponentLibrary.cylib\BLE_v1_20\Library\gccCyBLEStack_BLE_SOC_PERIPHERAL.a(CyBleStackMgr_PSoCHal.o)
                0x00002ba8                CyBleStackMgr_HciPortReset

i.CyBleStackMgr_HciPortWrite
                0x00002baa        0x8
 i.CyBleStackMgr_HciPortWrite
                0x00002baa        0x8 C:\Program Files (x86)\Cypress\PSoC Creator\3.1\PSoC Creator\psoc\content\cycomponentlibrary\CyComponentLibrary.cylib\BLE_v1_20\Library\gccCyBLEStack_BLE_SOC_PERIPHERAL.a(CyBleStackMgr_PSoCHal.o)
                0x00002baa                CyBleStackMgr_HciPortWrite

i.CyBleStackMgr_ResetLinkLayerTimerEntity
                0x00002bb4       0x14
 i.CyBleStackMgr_ResetLinkLayerTimerEntity
                0x00002bb4       0x14 C:\Program Files (x86)\Cypress\PSoC Creator\3.1\PSoC Creator\psoc\content\cycomponentlibrary\CyComponentLibrary.cylib\BLE_v1_20\Library\gccCyBLEStack_BLE_SOC_PERIPHERAL.a(CyBleStackMgr_PSoCHal.o)
                0x00002bb4                CyBleStackMgr_ResetLinkLayerTimerEntity

i.CyBleStackMgr_TimerStart
                0x00002bc8       0x2c
 i.CyBleStackMgr_TimerStart
                0x00002bc8       0x2c C:\Program Files (x86)\Cypress\PSoC Creator\3.1\PSoC Creator\psoc\content\cycomponentlibrary\CyComponentLibrary.cylib\BLE_v1_20\Library\gccCyBLEStack_BLE_SOC_PERIPHERAL.a(CyBleStackMgr_PSoCHal.o)
                0x00002bc8                CyBleStackMgr_TimerStart

i.CyBleStackMgr_TimerStop
                0x00002bf4       0x18
 i.CyBleStackMgr_TimerStop
                0x00002bf4       0x18 C:\Program Files (x86)\Cypress\PSoC Creator\3.1\PSoC Creator\psoc\content\cycomponentlibrary\CyComponentLibrary.cylib\BLE_v1_20\Library\gccCyBLEStack_BLE_SOC_PERIPHERAL.a(CyBleStackMgr_PSoCHal.o)
                0x00002bf4                CyBleStackMgr_TimerStop

i.CyBleStackMgr_isTimerRunning
                0x00002c0c       0x10
 i.CyBleStackMgr_isTimerRunning
                0x00002c0c       0x10 C:\Program Files (x86)\Cypress\PSoC Creator\3.1\PSoC Creator\psoc\content\cycomponentlibrary\CyComponentLibrary.cylib\BLE_v1_20\Library\gccCyBLEStack_BLE_SOC_PERIPHERAL.a(CyBleStackMgr_PSoCHal.o)
                0x00002c0c                CyBleStackMgr_isTimerRunning

i.CyBleAtlantisRadioInit
                0x00002c1c      0x1ac
 i.CyBleAtlantisRadioInit
                0x00002c1c      0x1ac C:\Program Files (x86)\Cypress\PSoC Creator\3.1\PSoC Creator\psoc\content\cycomponentlibrary\CyComponentLibrary.cylib\BLE_v1_20\Library\gccCyBLEStack_BLE_SOC_PERIPHERAL.a(CyBleStackMgr_BleSSDriver.o)

i.CyBleStackMgr_BleSSFifoRead
                0x00002dc8       0x38
 i.CyBleStackMgr_BleSSFifoRead
                0x00002dc8       0x38 C:\Program Files (x86)\Cypress\PSoC Creator\3.1\PSoC Creator\psoc\content\cycomponentlibrary\CyComponentLibrary.cylib\BLE_v1_20\Library\gccCyBLEStack_BLE_SOC_PERIPHERAL.a(CyBleStackMgr_BleSSDriver.o)
                0x00002dc8                CyBleStackMgr_BleSSFifoRead

i.CyBleStackMgr_BleSSFifoWrite
                0x00002e00       0x30
 i.CyBleStackMgr_BleSSFifoWrite
                0x00002e00       0x30 C:\Program Files (x86)\Cypress\PSoC Creator\3.1\PSoC Creator\psoc\content\cycomponentlibrary\CyComponentLibrary.cylib\BLE_v1_20\Library\gccCyBLEStack_BLE_SOC_PERIPHERAL.a(CyBleStackMgr_BleSSDriver.o)
                0x00002e00                CyBleStackMgr_BleSSFifoWrite

i.CyBleStackMgr_BleSSInit
                0x00002e30       0x50
 i.CyBleStackMgr_BleSSInit
                0x00002e30       0x50 C:\Program Files (x86)\Cypress\PSoC Creator\3.1\PSoC Creator\psoc\content\cycomponentlibrary\CyComponentLibrary.cylib\BLE_v1_20\Library\gccCyBLEStack_BLE_SOC_PERIPHERAL.a(CyBleStackMgr_BleSSDriver.o)
                0x00002e30                CyBleStackMgr_BleSSInit

i.CyBleStackMgr_BleSSMemRead
                0x00002e80       0x26
 i.CyBleStackMgr_BleSSMemRead
                0x00002e80       0x26 C:\Program Files (x86)\Cypress\PSoC Creator\3.1\PSoC Creator\psoc\content\cycomponentlibrary\CyComponentLibrary.cylib\BLE_v1_20\Library\gccCyBLEStack_BLE_SOC_PERIPHERAL.a(CyBleStackMgr_BleSSDriver.o)
                0x00002e80                CyBleStackMgr_BleSSMemRead

i.CyBleStackMgr_BleSSMemWrite
                0x00002ea8       0x34
 i.CyBleStackMgr_BleSSMemWrite
                0x00002ea8       0x34 C:\Program Files (x86)\Cypress\PSoC Creator\3.1\PSoC Creator\psoc\content\cycomponentlibrary\CyComponentLibrary.cylib\BLE_v1_20\Library\gccCyBLEStack_BLE_SOC_PERIPHERAL.a(CyBleStackMgr_BleSSDriver.o)
                0x00002ea8                CyBleStackMgr_BleSSMemWrite

i.CyBleStackMgr_BleSSRegRead
                0x00002edc        0xc
 i.CyBleStackMgr_BleSSRegRead
                0x00002edc        0xc C:\Program Files (x86)\Cypress\PSoC Creator\3.1\PSoC Creator\psoc\content\cycomponentlibrary\CyComponentLibrary.cylib\BLE_v1_20\Library\gccCyBLEStack_BLE_SOC_PERIPHERAL.a(CyBleStackMgr_BleSSDriver.o)
                0x00002edc                CyBleStackMgr_BleSSRegRead

i.CyBleStackMgr_BleSSRegWrite
                0x00002ee8        0xc
 i.CyBleStackMgr_BleSSRegWrite
                0x00002ee8        0xc C:\Program Files (x86)\Cypress\PSoC Creator\3.1\PSoC Creator\psoc\content\cycomponentlibrary\CyComponentLibrary.cylib\BLE_v1_20\Library\gccCyBLEStack_BLE_SOC_PERIPHERAL.a(CyBleStackMgr_BleSSDriver.o)
                0x00002ee8                CyBleStackMgr_BleSSRegWrite

i.CyBleStackMgr_BleSSReset
                0x00002ef4       0x38
 i.CyBleStackMgr_BleSSReset
                0x00002ef4       0x38 C:\Program Files (x86)\Cypress\PSoC Creator\3.1\PSoC Creator\psoc\content\cycomponentlibrary\CyComponentLibrary.cylib\BLE_v1_20\Library\gccCyBLEStack_BLE_SOC_PERIPHERAL.a(CyBleStackMgr_BleSSDriver.o)
                0x00002ef4                CyBleStackMgr_BleSSReset

i.CyBleStackMgr_BleSSShutdown
                0x00002f2c       0x24
 i.CyBleStackMgr_BleSSShutdown
                0x00002f2c       0x24 C:\Program Files (x86)\Cypress\PSoC Creator\3.1\PSoC Creator\psoc\content\cycomponentlibrary\CyComponentLibrary.cylib\BLE_v1_20\Library\gccCyBLEStack_BLE_SOC_PERIPHERAL.a(CyBleStackMgr_BleSSDriver.o)
                0x00002f2c                CyBleStackMgr_BleSSShutdown

i.CyBleStackMgr_GenericIface
                0x00002f50       0x3c
 i.CyBleStackMgr_GenericIface
                0x00002f50       0x3c C:\Program Files (x86)\Cypress\PSoC Creator\3.1\PSoC Creator\psoc\content\cycomponentlibrary\CyComponentLibrary.cylib\BLE_v1_20\Library\gccCyBLEStack_BLE_SOC_PERIPHERAL.a(CyBleStackMgr_BleSSDriver.o)
                0x00002f50                CyBleStackMgr_GenericIface

i.CyBleStackMgr_HandleBleSSIntr
                0x00002f8c       0x90
 i.CyBleStackMgr_HandleBleSSIntr
                0x00002f8c       0x90 C:\Program Files (x86)\Cypress\PSoC Creator\3.1\PSoC Creator\psoc\content\cycomponentlibrary\CyComponentLibrary.cylib\BLE_v1_20\Library\gccCyBLEStack_BLE_SOC_PERIPHERAL.a(CyBleStackMgr_BleSSDriver.o)
                0x00002f8c                CyBleStackMgr_HandleBleSSIntr

i.CyBleStackMgr_SetClockParam
                0x0000301c       0xb4
 i.CyBleStackMgr_SetClockParam
                0x0000301c       0xb4 C:\Program Files (x86)\Cypress\PSoC Creator\3.1\PSoC Creator\psoc\content\cycomponentlibrary\CyComponentLibrary.cylib\BLE_v1_20\Library\gccCyBLEStack_BLE_SOC_PERIPHERAL.a(CyBleStackMgr_BleSSDriver.o)

i.CyBle_ExitDsmMode
                0x000030d0       0x2c
 i.CyBle_ExitDsmMode
                0x000030d0       0x2c C:\Program Files (x86)\Cypress\PSoC Creator\3.1\PSoC Creator\psoc\content\cycomponentlibrary\CyComponentLibrary.cylib\BLE_v1_20\Library\gccCyBLEStack_BLE_SOC_PERIPHERAL.a(CyBleStackMgr_BleSSDriver.o)
                0x000030d0                CyBle_ExitDsmMode

i.CyBle_GetBleSsOperationalMode
                0x000030fc        0xc
 i.CyBle_GetBleSsOperationalMode
                0x000030fc        0xc C:\Program Files (x86)\Cypress\PSoC Creator\3.1\PSoC Creator\psoc\content\cycomponentlibrary\CyComponentLibrary.cylib\BLE_v1_20\Library\gccCyBLEStack_BLE_SOC_PERIPHERAL.a(CyBleStackMgr_BleSSDriver.o)
                0x000030fc                CyBle_GetBleSsOperationalMode

i.CyBle_GetEventCloseState
                0x00003108       0x10
 i.CyBle_GetEventCloseState
                0x00003108       0x10 C:\Program Files (x86)\Cypress\PSoC Creator\3.1\PSoC Creator\psoc\content\cycomponentlibrary\CyComponentLibrary.cylib\BLE_v1_20\Library\gccCyBLEStack_BLE_SOC_PERIPHERAL.a(CyBleStackMgr_BleSSDriver.o)
                0x00003108                CyBle_GetEventCloseState

i.CyBle_GetLpMode
                0x00003118       0x26
 i.CyBle_GetLpMode
                0x00003118       0x26 C:\Program Files (x86)\Cypress\PSoC Creator\3.1\PSoC Creator\psoc\content\cycomponentlibrary\CyComponentLibrary.cylib\BLE_v1_20\Library\gccCyBLEStack_BLE_SOC_PERIPHERAL.a(CyBleStackMgr_BleSSDriver.o)
                0x00003118                CyBle_GetLpMode

i.CyBle_GetTxGainMode
                0x00003140       0x2c
 i.CyBle_GetTxGainMode
                0x00003140       0x2c C:\Program Files (x86)\Cypress\PSoC Creator\3.1\PSoC Creator\psoc\content\cycomponentlibrary\CyComponentLibrary.cylib\BLE_v1_20\Library\gccCyBLEStack_BLE_SOC_PERIPHERAL.a(CyBleStackMgr_BleSSDriver.o)
                0x00003140                CyBle_GetTxGainMode

i.CyBle_SetBleSsOperationalMode
                0x0000316c       0x20
 i.CyBle_SetBleSsOperationalMode
                0x0000316c       0x20 C:\Program Files (x86)\Cypress\PSoC Creator\3.1\PSoC Creator\psoc\content\cycomponentlibrary\CyComponentLibrary.cylib\BLE_v1_20\Library\gccCyBLEStack_BLE_SOC_PERIPHERAL.a(CyBleStackMgr_BleSSDriver.o)
                0x0000316c                CyBle_SetBleSsOperationalMode

i.CyBle_SetEventCloseState
                0x0000318c        0xc
 i.CyBle_SetEventCloseState
                0x0000318c        0xc C:\Program Files (x86)\Cypress\PSoC Creator\3.1\PSoC Creator\psoc\content\cycomponentlibrary\CyComponentLibrary.cylib\BLE_v1_20\Library\gccCyBLEStack_BLE_SOC_PERIPHERAL.a(CyBleStackMgr_BleSSDriver.o)
                0x0000318c                CyBle_SetEventCloseState

i.CyBle_SetRxGainMode
                0x00003198       0x20
 i.CyBle_SetRxGainMode
                0x00003198       0x20 C:\Program Files (x86)\Cypress\PSoC Creator\3.1\PSoC Creator\psoc\content\cycomponentlibrary\CyComponentLibrary.cylib\BLE_v1_20\Library\gccCyBLEStack_BLE_SOC_PERIPHERAL.a(CyBleStackMgr_BleSSDriver.o)
                0x00003198                CyBle_SetRxGainMode

i.CyBle_SetTxGainMode
                0x000031b8       0x38
 i.CyBle_SetTxGainMode
                0x000031b8       0x38 C:\Program Files (x86)\Cypress\PSoC Creator\3.1\PSoC Creator\psoc\content\cycomponentlibrary\CyComponentLibrary.cylib\BLE_v1_20\Library\gccCyBLEStack_BLE_SOC_PERIPHERAL.a(CyBleStackMgr_BleSSDriver.o)
                0x000031b8                CyBle_SetTxGainMode

i.pf_rf_get_abs_rssi
                0x000031f0       0x24
 i.pf_rf_get_abs_rssi
                0x000031f0       0x24 C:\Program Files (x86)\Cypress\PSoC Creator\3.1\PSoC Creator\psoc\content\cycomponentlibrary\CyComponentLibrary.cylib\BLE_v1_20\Library\gccCyBLEStack_BLE_SOC_PERIPHERAL.a(CyBleStackMgr_BleSSDriver.o)
                0x000031f0                pf_rf_get_abs_rssi

i.OS_init       0x00003214       0x64
 i.OS_init      0x00003214       0x64 C:\Program Files (x86)\Cypress\PSoC Creator\3.1\PSoC Creator\psoc\content\cycomponentlibrary\CyComponentLibrary.cylib\BLE_v1_20\Library\gccCyBLEStack_BLE_SOC_PERIPHERAL.a(mint_os.o)
                0x00003214                OS_init

i.OS_shutdown   0x00003278        0x4
 i.OS_shutdown  0x00003278        0x4 C:\Program Files (x86)\Cypress\PSoC Creator\3.1\PSoC Creator\psoc\content\cycomponentlibrary\CyComponentLibrary.cylib\BLE_v1_20\Library\gccCyBLEStack_BLE_SOC_PERIPHERAL.a(mint_os.o)
                0x00003278                OS_shutdown

i.mintos_malloc
                0x0000327c       0x34
 i.mintos_malloc
                0x0000327c       0x34 C:\Program Files (x86)\Cypress\PSoC Creator\3.1\PSoC Creator\psoc\content\cycomponentlibrary\CyComponentLibrary.cylib\BLE_v1_20\Library\gccCyBLEStack_BLE_SOC_PERIPHERAL.a(mint_os.o)
                0x0000327c                mintos_malloc

i.OS_create_queue
                0x000032b0       0x64
 i.OS_create_queue
                0x000032b0       0x64 C:\Program Files (x86)\Cypress\PSoC Creator\3.1\PSoC Creator\psoc\content\cycomponentlibrary\CyComponentLibrary.cylib\BLE_v1_20\Library\gccCyBLEStack_BLE_SOC_PERIPHERAL.a(mint_os_queue.o)
                0x000032b0                OS_create_queue

i.OS_enqueue_item
                0x00003314       0x8c
 i.OS_enqueue_item
                0x00003314       0x8c C:\Program Files (x86)\Cypress\PSoC Creator\3.1\PSoC Creator\psoc\content\cycomponentlibrary\CyComponentLibrary.cylib\BLE_v1_20\Library\gccCyBLEStack_BLE_SOC_PERIPHERAL.a(mint_os_queue.o)
                0x00003314                OS_enqueue_item

i.OS_queue_get_num_of_items
                0x000033a0       0x28
 i.OS_queue_get_num_of_items
                0x000033a0       0x28 C:\Program Files (x86)\Cypress\PSoC Creator\3.1\PSoC Creator\psoc\content\cycomponentlibrary\CyComponentLibrary.cylib\BLE_v1_20\Library\gccCyBLEStack_BLE_SOC_PERIPHERAL.a(mint_os_queue.o)
                0x000033a0                OS_queue_get_num_of_items

i.OS_queue_mgmt_init
                0x000033c8       0x40
 i.OS_queue_mgmt_init
                0x000033c8       0x40 C:\Program Files (x86)\Cypress\PSoC Creator\3.1\PSoC Creator\psoc\content\cycomponentlibrary\CyComponentLibrary.cylib\BLE_v1_20\Library\gccCyBLEStack_BLE_SOC_PERIPHERAL.a(mint_os_queue.o)
                0x000033c8                OS_queue_mgmt_init

i.OS_remove_item
                0x00003408       0xa0
 i.OS_remove_item
                0x00003408       0xa0 C:\Program Files (x86)\Cypress\PSoC Creator\3.1\PSoC Creator\psoc\content\cycomponentlibrary\CyComponentLibrary.cylib\BLE_v1_20\Library\gccCyBLEStack_BLE_SOC_PERIPHERAL.a(mint_os_queue.o)
                0x00003408                OS_remove_item

i.OS_create_task
                0x000034a8       0x88
 i.OS_create_task
                0x000034a8       0x88 C:\Program Files (x86)\Cypress\PSoC Creator\3.1\PSoC Creator\psoc\content\cycomponentlibrary\CyComponentLibrary.cylib\BLE_v1_20\Library\gccCyBLEStack_BLE_SOC_PERIPHERAL.a(mint_os_task.o)
                0x000034a8                OS_create_task

i.OS_isr_send_signal_to_task
                0x00003530        0xc
 i.OS_isr_send_signal_to_task
                0x00003530        0xc C:\Program Files (x86)\Cypress\PSoC Creator\3.1\PSoC Creator\psoc\content\cycomponentlibrary\CyComponentLibrary.cylib\BLE_v1_20\Library\gccCyBLEStack_BLE_SOC_PERIPHERAL.a(mint_os_task.o)
                0x00003530                OS_isr_send_signal_to_task

i.OS_scheduler  0x0000353c       0x64
 i.OS_scheduler
                0x0000353c       0x64 C:\Program Files (x86)\Cypress\PSoC Creator\3.1\PSoC Creator\psoc\content\cycomponentlibrary\CyComponentLibrary.cylib\BLE_v1_20\Library\gccCyBLEStack_BLE_SOC_PERIPHERAL.a(mint_os_task.o)
                0x0000353c                OS_scheduler

i.OS_send_signal_to_task
                0x000035a0        0xc
 i.OS_send_signal_to_task
                0x000035a0        0xc C:\Program Files (x86)\Cypress\PSoC Creator\3.1\PSoC Creator\psoc\content\cycomponentlibrary\CyComponentLibrary.cylib\BLE_v1_20\Library\gccCyBLEStack_BLE_SOC_PERIPHERAL.a(mint_os_task.o)
                0x000035a0                OS_send_signal_to_task

i.OS_send_signal_to_task_context
                0x000035ac       0x3c
 i.OS_send_signal_to_task_context
                0x000035ac       0x3c C:\Program Files (x86)\Cypress\PSoC Creator\3.1\PSoC Creator\psoc\content\cycomponentlibrary\CyComponentLibrary.cylib\BLE_v1_20\Library\gccCyBLEStack_BLE_SOC_PERIPHERAL.a(mint_os_task.o)

i.OS_task_mgmt_init
                0x000035e8       0x50
 i.OS_task_mgmt_init
                0x000035e8       0x50 C:\Program Files (x86)\Cypress\PSoC Creator\3.1\PSoC Creator\psoc\content\cycomponentlibrary\CyComponentLibrary.cylib\BLE_v1_20\Library\gccCyBLEStack_BLE_SOC_PERIPHERAL.a(mint_os_task.o)
                0x000035e8                OS_task_mgmt_init

i.mint_buf_mgmt_allocate_buffer
                0x00003638       0x4c
 i.mint_buf_mgmt_allocate_buffer
                0x00003638       0x4c C:\Program Files (x86)\Cypress\PSoC Creator\3.1\PSoC Creator\psoc\content\cycomponentlibrary\CyComponentLibrary.cylib\BLE_v1_20\Library\gccCyBLEStack_BLE_SOC_PERIPHERAL.a(mint_buf_mgmt.o)
                0x00003638                mint_buf_mgmt_allocate_buffer

i.mint_buf_mgmt_create_pool
                0x00003684       0xd8
 i.mint_buf_mgmt_create_pool
                0x00003684       0xd8 C:\Program Files (x86)\Cypress\PSoC Creator\3.1\PSoC Creator\psoc\content\cycomponentlibrary\CyComponentLibrary.cylib\BLE_v1_20\Library\gccCyBLEStack_BLE_SOC_PERIPHERAL.a(mint_buf_mgmt.o)
                0x00003684                mint_buf_mgmt_create_pool

i.mint_buf_mgmt_free_buffer
                0x0000375c       0xa4
 i.mint_buf_mgmt_free_buffer
                0x0000375c       0xa4 C:\Program Files (x86)\Cypress\PSoC Creator\3.1\PSoC Creator\psoc\content\cycomponentlibrary\CyComponentLibrary.cylib\BLE_v1_20\Library\gccCyBLEStack_BLE_SOC_PERIPHERAL.a(mint_buf_mgmt.o)
                0x0000375c                mint_buf_mgmt_free_buffer

i.mint_buf_mgmt_get_free_heap
                0x00003800       0x1c
 i.mint_buf_mgmt_get_free_heap
                0x00003800       0x1c C:\Program Files (x86)\Cypress\PSoC Creator\3.1\PSoC Creator\psoc\content\cycomponentlibrary\CyComponentLibrary.cylib\BLE_v1_20\Library\gccCyBLEStack_BLE_SOC_PERIPHERAL.a(mint_buf_mgmt.o)
                0x00003800                mint_buf_mgmt_get_free_heap

i.mint_buf_mgmt_init
                0x0000381c       0x44
 i.mint_buf_mgmt_init
                0x0000381c       0x44 C:\Program Files (x86)\Cypress\PSoC Creator\3.1\PSoC Creator\psoc\content\cycomponentlibrary\CyComponentLibrary.cylib\BLE_v1_20\Library\gccCyBLEStack_BLE_SOC_PERIPHERAL.a(mint_buf_mgmt.o)
                0x0000381c                mint_buf_mgmt_init

i.mint_buf_mgmt_malloc
                0x00003860       0x2c
 i.mint_buf_mgmt_malloc
                0x00003860       0x2c C:\Program Files (x86)\Cypress\PSoC Creator\3.1\PSoC Creator\psoc\content\cycomponentlibrary\CyComponentLibrary.cylib\BLE_v1_20\Library\gccCyBLEStack_BLE_SOC_PERIPHERAL.a(mint_buf_mgmt.o)
                0x00003860                mint_buf_mgmt_malloc

i.mint_buf_mgmt_reset_pool
                0x0000388c       0x70
 i.mint_buf_mgmt_reset_pool
                0x0000388c       0x70 C:\Program Files (x86)\Cypress\PSoC Creator\3.1\PSoC Creator\psoc\content\cycomponentlibrary\CyComponentLibrary.cylib\BLE_v1_20\Library\gccCyBLEStack_BLE_SOC_PERIPHERAL.a(mint_buf_mgmt.o)
                0x0000388c                mint_buf_mgmt_reset_pool

i.mint_buf_mgmt_stack_init
                0x000038fc       0x24
 i.mint_buf_mgmt_stack_init
                0x000038fc       0x24 C:\Program Files (x86)\Cypress\PSoC Creator\3.1\PSoC Creator\psoc\content\cycomponentlibrary\CyComponentLibrary.cylib\BLE_v1_20\Library\gccCyBLEStack_BLE_SOC_PERIPHERAL.a(mint_buf_mgmt.o)
                0x000038fc                mint_buf_mgmt_stack_init

i.mint_buf_mgmt_stack_pop
                0x00003920       0x36
 i.mint_buf_mgmt_stack_pop
                0x00003920       0x36 C:\Program Files (x86)\Cypress\PSoC Creator\3.1\PSoC Creator\psoc\content\cycomponentlibrary\CyComponentLibrary.cylib\BLE_v1_20\Library\gccCyBLEStack_BLE_SOC_PERIPHERAL.a(mint_buf_mgmt.o)
                0x00003920                mint_buf_mgmt_stack_pop

i.mint_buf_mgmt_stack_push
                0x00003956       0x36
 i.mint_buf_mgmt_stack_push
                0x00003956       0x36 C:\Program Files (x86)\Cypress\PSoC Creator\3.1\PSoC Creator\psoc\content\cycomponentlibrary\CyComponentLibrary.cylib\BLE_v1_20\Library\gccCyBLEStack_BLE_SOC_PERIPHERAL.a(mint_buf_mgmt.o)
                0x00003956                mint_buf_mgmt_stack_push

i.mint_buf_mgmt_stack_reset
                0x0000398c       0x1e
 i.mint_buf_mgmt_stack_reset
                0x0000398c       0x1e C:\Program Files (x86)\Cypress\PSoC Creator\3.1\PSoC Creator\psoc\content\cycomponentlibrary\CyComponentLibrary.cylib\BLE_v1_20\Library\gccCyBLEStack_BLE_SOC_PERIPHERAL.a(mint_buf_mgmt.o)
                0x0000398c                mint_buf_mgmt_stack_reset

i.mint_buf_mgmt_stack_search_item
                0x000039aa       0x30
 i.mint_buf_mgmt_stack_search_item
                0x000039aa       0x30 C:\Program Files (x86)\Cypress\PSoC Creator\3.1\PSoC Creator\psoc\content\cycomponentlibrary\CyComponentLibrary.cylib\BLE_v1_20\Library\gccCyBLEStack_BLE_SOC_PERIPHERAL.a(mint_buf_mgmt.o)
                0x000039aa                mint_buf_mgmt_stack_search_item

i.mint_buf_mgmt_pl_init
                0x000039dc       0x2c
 i.mint_buf_mgmt_pl_init
                0x000039dc       0x2c C:\Program Files (x86)\Cypress\PSoC Creator\3.1\PSoC Creator\psoc\content\cycomponentlibrary\CyComponentLibrary.cylib\BLE_v1_20\Library\gccCyBLEStack_BLE_SOC_PERIPHERAL.a(mint_buf_mgmt_pl.o)
                0x000039dc                mint_buf_mgmt_pl_init

i.CyBleControllerIP_GetPingState
                0x00003a08        0xc
 i.CyBleControllerIP_GetPingState
                0x00003a08        0xc C:\Program Files (x86)\Cypress\PSoC Creator\3.1\PSoC Creator\psoc\content\cycomponentlibrary\CyComponentLibrary.cylib\BLE_v1_20\Library\gccCyBLEStack_BLE_SOC_PERIPHERAL.a(CyBleControllerIP_Interface.o)
                0x00003a08                CyBleControllerIP_GetPingState

i.CyBleController_AddDeviceToWhiteList
                0x00003a14       0x40
 i.CyBleController_AddDeviceToWhiteList
                0x00003a14       0x40 C:\Program Files (x86)\Cypress\PSoC Creator\3.1\PSoC Creator\psoc\content\cycomponentlibrary\CyComponentLibrary.cylib\BLE_v1_20\Library\gccCyBLEStack_BLE_SOC_PERIPHERAL.a(CyBleControllerIP_Interface.o)
                0x00003a14                CyBleController_AddDeviceToWhiteList

i.CyBleController_ExitLowPowerMode
                0x00003a54       0x10
 i.CyBleController_ExitLowPowerMode
                0x00003a54       0x10 C:\Program Files (x86)\Cypress\PSoC Creator\3.1\PSoC Creator\psoc\content\cycomponentlibrary\CyComponentLibrary.cylib\BLE_v1_20\Library\gccCyBLEStack_BLE_SOC_PERIPHERAL.a(CyBleControllerIP_Interface.o)
                0x00003a54                CyBleController_ExitLowPowerMode

i.CyBleController_Init
                0x00003a64       0x3c
 i.CyBleController_Init
                0x00003a64       0x3c C:\Program Files (x86)\Cypress\PSoC Creator\3.1\PSoC Creator\psoc\content\cycomponentlibrary\CyComponentLibrary.cylib\BLE_v1_20\Library\gccCyBLEStack_BLE_SOC_PERIPHERAL.a(CyBleControllerIP_Interface.o)
                0x00003a64                CyBleController_Init

i.CyBleController_Reset
                0x00003aa0       0x10
 i.CyBleController_Reset
                0x00003aa0       0x10 C:\Program Files (x86)\Cypress\PSoC Creator\3.1\PSoC Creator\psoc\content\cycomponentlibrary\CyComponentLibrary.cylib\BLE_v1_20\Library\gccCyBLEStack_BLE_SOC_PERIPHERAL.a(CyBleControllerIP_Interface.o)
                0x00003aa0                CyBleController_Reset

i.CyBleController_SetDeviceAddress
                0x00003ab0       0x2e
 i.CyBleController_SetDeviceAddress
                0x00003ab0       0x2e C:\Program Files (x86)\Cypress\PSoC Creator\3.1\PSoC Creator\psoc\content\cycomponentlibrary\CyComponentLibrary.cylib\BLE_v1_20\Library\gccCyBLEStack_BLE_SOC_PERIPHERAL.a(CyBleControllerIP_Interface.o)
                0x00003ab0                CyBleController_SetDeviceAddress

i.CyBleController_Shutdown
                0x00003ade        0x2
 i.CyBleController_Shutdown
                0x00003ade        0x2 C:\Program Files (x86)\Cypress\PSoC Creator\3.1\PSoC Creator\psoc\content\cycomponentlibrary\CyComponentLibrary.cylib\BLE_v1_20\Library\gccCyBLEStack_BLE_SOC_PERIPHERAL.a(CyBleControllerIP_Interface.o)
                0x00003ade                CyBleController_Shutdown

i.CyBle_GetBleSsState
                0x00003ae0       0x10
 i.CyBle_GetBleSsState
                0x00003ae0       0x10 C:\Program Files (x86)\Cypress\PSoC Creator\3.1\PSoC Creator\psoc\content\cycomponentlibrary\CyComponentLibrary.cylib\BLE_v1_20\Library\gccCyBLEStack_BLE_SOC_PERIPHERAL.a(CyBleControllerIP_Interface.o)
                0x00003ae0                CyBle_GetBleSsState

i.CyBle_GetTxPowerLevel
                0x00003af0       0x4e
 i.CyBle_GetTxPowerLevel
                0x00003af0       0x4e C:\Program Files (x86)\Cypress\PSoC Creator\3.1\PSoC Creator\psoc\content\cycomponentlibrary\CyComponentLibrary.cylib\BLE_v1_20\Library\gccCyBLEStack_BLE_SOC_PERIPHERAL.a(CyBleControllerIP_Interface.o)
                0x00003af0                CyBle_GetTxPowerLevel

i.CyBle_SetTxPowerLevel
                0x00003b3e       0x56
 i.CyBle_SetTxPowerLevel
                0x00003b3e       0x56 C:\Program Files (x86)\Cypress\PSoC Creator\3.1\PSoC Creator\psoc\content\cycomponentlibrary\CyComponentLibrary.cylib\BLE_v1_20\Library\gccCyBLEStack_BLE_SOC_PERIPHERAL.a(CyBleControllerIP_Interface.o)
                0x00003b3e                CyBle_SetTxPowerLevel

i.ll_check_and_mark_packet_ready_for_transmission
                0x00003b94       0x28
 i.ll_check_and_mark_packet_ready_for_transmission
                0x00003b94       0x28 C:\Program Files (x86)\Cypress\PSoC Creator\3.1\PSoC Creator\psoc\content\cycomponentlibrary\CyComponentLibrary.cylib\BLE_v1_20\Library\gccCyBLEStack_BLE_SOC_PERIPHERAL.a(ll.o)
                0x00003b94                ll_check_and_mark_packet_ready_for_transmission

i.ll_cleanup_pending_data_pdu
                0x00003bbc       0x38
 i.ll_cleanup_pending_data_pdu
                0x00003bbc       0x38 C:\Program Files (x86)\Cypress\PSoC Creator\3.1\PSoC Creator\psoc\content\cycomponentlibrary\CyComponentLibrary.cylib\BLE_v1_20\Library\gccCyBLEStack_BLE_SOC_PERIPHERAL.a(ll.o)
                0x00003bbc                ll_cleanup_pending_data_pdu

i.ll_exit_low_power_mode
                0x00003bf4       0xac
 i.ll_exit_low_power_mode
                0x00003bf4       0xac C:\Program Files (x86)\Cypress\PSoC Creator\3.1\PSoC Creator\psoc\content\cycomponentlibrary\CyComponentLibrary.cylib\BLE_v1_20\Library\gccCyBLEStack_BLE_SOC_PERIPHERAL.a(ll.o)
                0x00003bf4                ll_exit_low_power_mode

i.ll_get_ack_status
                0x00003ca0       0x3c
 i.ll_get_ack_status
                0x00003ca0       0x3c C:\Program Files (x86)\Cypress\PSoC Creator\3.1\PSoC Creator\psoc\content\cycomponentlibrary\CyComponentLibrary.cylib\BLE_v1_20\Library\gccCyBLEStack_BLE_SOC_PERIPHERAL.a(ll.o)
                0x00003ca0                ll_get_ack_status

i.ll_get_adv_ch_tx_power
                0x00003cdc       0x20
 i.ll_get_adv_ch_tx_power
                0x00003cdc       0x20 C:\Program Files (x86)\Cypress\PSoC Creator\3.1\PSoC Creator\psoc\content\cycomponentlibrary\CyComponentLibrary.cylib\BLE_v1_20\Library\gccCyBLEStack_BLE_SOC_PERIPHERAL.a(ll.o)
                0x00003cdc                ll_get_adv_ch_tx_power

i.ll_get_data_channel_map
                0x00003cfc       0x24
 i.ll_get_data_channel_map
                0x00003cfc       0x24 C:\Program Files (x86)\Cypress\PSoC Creator\3.1\PSoC Creator\psoc\content\cycomponentlibrary\CyComponentLibrary.cylib\BLE_v1_20\Library\gccCyBLEStack_BLE_SOC_PERIPHERAL.a(ll.o)
                0x00003cfc                ll_get_data_channel_map

i.ll_get_max_white_list_size
                0x00003d20        0xc
 i.ll_get_max_white_list_size
                0x00003d20        0xc C:\Program Files (x86)\Cypress\PSoC Creator\3.1\PSoC Creator\psoc\content\cycomponentlibrary\CyComponentLibrary.cylib\BLE_v1_20\Library\gccCyBLEStack_BLE_SOC_PERIPHERAL.a(ll.o)
                0x00003d20                ll_get_max_white_list_size

i.ll_get_my_role
                0x00003d2c        0xc
 i.ll_get_my_role
                0x00003d2c        0xc C:\Program Files (x86)\Cypress\PSoC Creator\3.1\PSoC Creator\psoc\content\cycomponentlibrary\CyComponentLibrary.cylib\BLE_v1_20\Library\gccCyBLEStack_BLE_SOC_PERIPHERAL.a(ll.o)
                0x00003d2c                ll_get_my_role

i.ll_get_next_available_fifo_for_data_pdu
                0x00003d38        0x8
 i.ll_get_next_available_fifo_for_data_pdu
                0x00003d38        0x8 C:\Program Files (x86)\Cypress\PSoC Creator\3.1\PSoC Creator\psoc\content\cycomponentlibrary\CyComponentLibrary.cylib\BLE_v1_20\Library\gccCyBLEStack_BLE_SOC_PERIPHERAL.a(ll.o)
                0x00003d38                ll_get_next_available_fifo_for_data_pdu

i.ll_get_next_available_fifo_for_ll_pdu
                0x00003d40       0x24
 i.ll_get_next_available_fifo_for_ll_pdu
                0x00003d40       0x24 C:\Program Files (x86)\Cypress\PSoC Creator\3.1\PSoC Creator\psoc\content\cycomponentlibrary\CyComponentLibrary.cylib\BLE_v1_20\Library\gccCyBLEStack_BLE_SOC_PERIPHERAL.a(ll.o)
                0x00003d40                ll_get_next_available_fifo_for_ll_pdu

i.ll_get_rssi_value
                0x00003d64       0x26
 i.ll_get_rssi_value
                0x00003d64       0x26 C:\Program Files (x86)\Cypress\PSoC Creator\3.1\PSoC Creator\psoc\content\cycomponentlibrary\CyComponentLibrary.cylib\BLE_v1_20\Library\gccCyBLEStack_BLE_SOC_PERIPHERAL.a(ll.o)
                0x00003d64                ll_get_rssi_value

i.ll_get_transmit_power_level
                0x00003d8c       0x2c
 i.ll_get_transmit_power_level
                0x00003d8c       0x2c C:\Program Files (x86)\Cypress\PSoC Creator\3.1\PSoC Creator\psoc\content\cycomponentlibrary\CyComponentLibrary.cylib\BLE_v1_20\Library\gccCyBLEStack_BLE_SOC_PERIPHERAL.a(ll.o)
                0x00003d8c                ll_get_transmit_power_level

i.ll_handle_ack_received
                0x00003db8       0x74
 i.ll_handle_ack_received
                0x00003db8       0x74 C:\Program Files (x86)\Cypress\PSoC Creator\3.1\PSoC Creator\psoc\content\cycomponentlibrary\CyComponentLibrary.cylib\BLE_v1_20\Library\gccCyBLEStack_BLE_SOC_PERIPHERAL.a(ll.o)
                0x00003db8                ll_handle_ack_received

i.ll_handle_add_device_in_whitelist
                0x00003e2c       0x3a
 i.ll_handle_add_device_in_whitelist
                0x00003e2c       0x3a C:\Program Files (x86)\Cypress\PSoC Creator\3.1\PSoC Creator\psoc\content\cycomponentlibrary\CyComponentLibrary.cylib\BLE_v1_20\Library\gccCyBLEStack_BLE_SOC_PERIPHERAL.a(ll.o)
                0x00003e2c                ll_handle_add_device_in_whitelist

i.ll_handle_clear_whitelist
                0x00003e66       0x16
 i.ll_handle_clear_whitelist
                0x00003e66       0x16 C:\Program Files (x86)\Cypress\PSoC Creator\3.1\PSoC Creator\psoc\content\cycomponentlibrary\CyComponentLibrary.cylib\BLE_v1_20\Library\gccCyBLEStack_BLE_SOC_PERIPHERAL.a(ll.o)
                0x00003e66                ll_handle_clear_whitelist

i.ll_handle_encrypt_host_data
                0x00003e7c       0x36
 i.ll_handle_encrypt_host_data
                0x00003e7c       0x36 C:\Program Files (x86)\Cypress\PSoC Creator\3.1\PSoC Creator\psoc\content\cycomponentlibrary\CyComponentLibrary.cylib\BLE_v1_20\Library\gccCyBLEStack_BLE_SOC_PERIPHERAL.a(ll.o)
                0x00003e7c                ll_handle_encrypt_host_data

i.ll_handle_host_data_packet
                0x00003eb2       0x54
 i.ll_handle_host_data_packet
                0x00003eb2       0x54 C:\Program Files (x86)\Cypress\PSoC Creator\3.1\PSoC Creator\psoc\content\cycomponentlibrary\CyComponentLibrary.cylib\BLE_v1_20\Library\gccCyBLEStack_BLE_SOC_PERIPHERAL.a(ll.o)
                0x00003eb2                ll_handle_host_data_packet

i.ll_handle_read_host_channel_map
                0x00003f06        0x4
 i.ll_handle_read_host_channel_map
                0x00003f06        0x4 C:\Program Files (x86)\Cypress\PSoC Creator\3.1\PSoC Creator\psoc\content\cycomponentlibrary\CyComponentLibrary.cylib\BLE_v1_20\Library\gccCyBLEStack_BLE_SOC_PERIPHERAL.a(ll.o)
                0x00003f06                ll_handle_read_host_channel_map

i.ll_handle_remove_device_in_whitelist
                0x00003f0a       0x2a
 i.ll_handle_remove_device_in_whitelist
                0x00003f0a       0x2a C:\Program Files (x86)\Cypress\PSoC Creator\3.1\PSoC Creator\psoc\content\cycomponentlibrary\CyComponentLibrary.cylib\BLE_v1_20\Library\gccCyBLEStack_BLE_SOC_PERIPHERAL.a(ll.o)
                0x00003f0a                ll_handle_remove_device_in_whitelist

i.ll_handle_reset
                0x00003f34        0xe
 i.ll_handle_reset
                0x00003f34        0xe C:\Program Files (x86)\Cypress\PSoC Creator\3.1\PSoC Creator\psoc\content\cycomponentlibrary\CyComponentLibrary.cylib\BLE_v1_20\Library\gccCyBLEStack_BLE_SOC_PERIPHERAL.a(ll.o)
                0x00003f34                ll_handle_reset

i.ll_handle_set_random_address
                0x00003f42       0x36
 i.ll_handle_set_random_address
                0x00003f42       0x36 C:\Program Files (x86)\Cypress\PSoC Creator\3.1\PSoC Creator\psoc\content\cycomponentlibrary\CyComponentLibrary.cylib\BLE_v1_20\Library\gccCyBLEStack_BLE_SOC_PERIPHERAL.a(ll.o)
                0x00003f42                ll_handle_set_random_address

i.ll_init       0x00003f78       0x18
 i.ll_init      0x00003f78       0x18 C:\Program Files (x86)\Cypress\PSoC Creator\3.1\PSoC Creator\psoc\content\cycomponentlibrary\CyComponentLibrary.cylib\BLE_v1_20\Library\gccCyBLEStack_BLE_SOC_PERIPHERAL.a(ll.o)
                0x00003f78                ll_init

i.ll_initialize_device_attributes
                0x00003f90       0x4c
 i.ll_initialize_device_attributes
                0x00003f90       0x4c C:\Program Files (x86)\Cypress\PSoC Creator\3.1\PSoC Creator\psoc\content\cycomponentlibrary\CyComponentLibrary.cylib\BLE_v1_20\Library\gccCyBLEStack_BLE_SOC_PERIPHERAL.a(ll.o)
                0x00003f90                ll_initialize_device_attributes

i.ll_is_pkt_pending
                0x00003fdc       0x2a
 i.ll_is_pkt_pending
                0x00003fdc       0x2a C:\Program Files (x86)\Cypress\PSoC Creator\3.1\PSoC Creator\psoc\content\cycomponentlibrary\CyComponentLibrary.cylib\BLE_v1_20\Library\gccCyBLEStack_BLE_SOC_PERIPHERAL.a(ll.o)
                0x00003fdc                ll_is_pkt_pending

i.ll_is_sent_pkt_pending
                0x00004006       0x1a
 i.ll_is_sent_pkt_pending
                0x00004006       0x1a C:\Program Files (x86)\Cypress\PSoC Creator\3.1\PSoC Creator\psoc\content\cycomponentlibrary\CyComponentLibrary.cylib\BLE_v1_20\Library\gccCyBLEStack_BLE_SOC_PERIPHERAL.a(ll.o)
                0x00004006                ll_is_sent_pkt_pending

i.ll_isr_exit_low_power_mode
                0x00004020       0x16
 i.ll_isr_exit_low_power_mode
                0x00004020       0x16 C:\Program Files (x86)\Cypress\PSoC Creator\3.1\PSoC Creator\psoc\content\cycomponentlibrary\CyComponentLibrary.cylib\BLE_v1_20\Library\gccCyBLEStack_BLE_SOC_PERIPHERAL.a(ll.o)
                0x00004020                ll_isr_exit_low_power_mode

i.ll_load_host_data_packet
                0x00004036       0x4a
 i.ll_load_host_data_packet
                0x00004036       0x4a C:\Program Files (x86)\Cypress\PSoC Creator\3.1\PSoC Creator\psoc\content\cycomponentlibrary\CyComponentLibrary.cylib\BLE_v1_20\Library\gccCyBLEStack_BLE_SOC_PERIPHERAL.a(ll.o)
                0x00004036                ll_load_host_data_packet

i.ll_load_packet_to_fifo
                0x00004080       0x6e
 i.ll_load_packet_to_fifo
                0x00004080       0x6e C:\Program Files (x86)\Cypress\PSoC Creator\3.1\PSoC Creator\psoc\content\cycomponentlibrary\CyComponentLibrary.cylib\BLE_v1_20\Library\gccCyBLEStack_BLE_SOC_PERIPHERAL.a(ll.o)
                0x00004080                ll_load_packet_to_fifo

i.ll_process_acks
                0x000040ee       0x3c
 i.ll_process_acks
                0x000040ee       0x3c C:\Program Files (x86)\Cypress\PSoC Creator\3.1\PSoC Creator\psoc\content\cycomponentlibrary\CyComponentLibrary.cylib\BLE_v1_20\Library\gccCyBLEStack_BLE_SOC_PERIPHERAL.a(ll.o)
                0x000040ee                ll_process_acks

i.ll_reset      0x0000412a       0x12
 i.ll_reset     0x0000412a       0x12 C:\Program Files (x86)\Cypress\PSoC Creator\3.1\PSoC Creator\psoc\content\cycomponentlibrary\CyComponentLibrary.cylib\BLE_v1_20\Library\gccCyBLEStack_BLE_SOC_PERIPHERAL.a(ll.o)
                0x0000412a                ll_reset

i.ll_update_active_features
                0x0000413c       0x58
 i.ll_update_active_features
                0x0000413c       0x58 C:\Program Files (x86)\Cypress\PSoC Creator\3.1\PSoC Creator\psoc\content\cycomponentlibrary\CyComponentLibrary.cylib\BLE_v1_20\Library\gccCyBLEStack_BLE_SOC_PERIPHERAL.a(ll.o)
                0x0000413c                ll_update_active_features

i.ll_update_device_fsm
                0x00004194        0x8
 i.ll_update_device_fsm
                0x00004194        0x8 C:\Program Files (x86)\Cypress\PSoC Creator\3.1\PSoC Creator\psoc\content\cycomponentlibrary\CyComponentLibrary.cylib\BLE_v1_20\Library\gccCyBLEStack_BLE_SOC_PERIPHERAL.a(ll.o)
                0x00004194                ll_update_device_fsm

i.pf_le_start_timer
                0x0000419c       0x16
 i.pf_le_start_timer
                0x0000419c       0x16 C:\Program Files (x86)\Cypress\PSoC Creator\3.1\PSoC Creator\psoc\content\cycomponentlibrary\CyComponentLibrary.cylib\BLE_v1_20\Library\gccCyBLEStack_BLE_SOC_PERIPHERAL.a(ll.o)
                0x0000419c                pf_le_start_timer

i.pf_le_stop_timer
                0x000041b2       0x12
 i.pf_le_stop_timer
                0x000041b2       0x12 C:\Program Files (x86)\Cypress\PSoC Creator\3.1\PSoC Creator\psoc\content\cycomponentlibrary\CyComponentLibrary.cylib\BLE_v1_20\Library\gccCyBLEStack_BLE_SOC_PERIPHERAL.a(ll.o)
                0x000041b2                pf_le_stop_timer

i.CyBleControllerIP_TuneAdvEventInterPktSlots
                0x000041c4       0x44
 i.CyBleControllerIP_TuneAdvEventInterPktSlots
                0x000041c4       0x44 C:\Program Files (x86)\Cypress\PSoC Creator\3.1\PSoC Creator\psoc\content\cycomponentlibrary\CyComponentLibrary.cylib\BLE_v1_20\Library\gccCyBLEStack_BLE_SOC_PERIPHERAL.a(ll_advertiser.o)
                0x000041c4                CyBleControllerIP_TuneAdvEventInterPktSlots

i.ll_adv_is_configured_connection_adv
                0x00004208       0x1e
 i.ll_adv_is_configured_connection_adv
                0x00004208       0x1e C:\Program Files (x86)\Cypress\PSoC Creator\3.1\PSoC Creator\psoc\content\cycomponentlibrary\CyComponentLibrary.cylib\BLE_v1_20\Library\gccCyBLEStack_BLE_SOC_PERIPHERAL.a(ll_advertiser.o)
                0x00004208                ll_adv_is_configured_connection_adv

i.ll_check_random_address_in_use_by_advertiser
                0x00004226       0x10
 i.ll_check_random_address_in_use_by_advertiser
                0x00004226       0x10 C:\Program Files (x86)\Cypress\PSoC Creator\3.1\PSoC Creator\psoc\content\cycomponentlibrary\CyComponentLibrary.cylib\BLE_v1_20\Library\gccCyBLEStack_BLE_SOC_PERIPHERAL.a(ll_advertiser.o)
                0x00004226                ll_check_random_address_in_use_by_advertiser

i.ll_check_whitelist_in_use_by_advertiser
                0x00004236       0x10
 i.ll_check_whitelist_in_use_by_advertiser
                0x00004236       0x10 C:\Program Files (x86)\Cypress\PSoC Creator\3.1\PSoC Creator\psoc\content\cycomponentlibrary\CyComponentLibrary.cylib\BLE_v1_20\Library\gccCyBLEStack_BLE_SOC_PERIPHERAL.a(ll_advertiser.o)
                0x00004236                ll_check_whitelist_in_use_by_advertiser

i.ll_get_adv_status
                0x00004246        0xc
 i.ll_get_adv_status
                0x00004246        0xc C:\Program Files (x86)\Cypress\PSoC Creator\3.1\PSoC Creator\psoc\content\cycomponentlibrary\CyComponentLibrary.cylib\BLE_v1_20\Library\gccCyBLEStack_BLE_SOC_PERIPHERAL.a(ll_advertiser.o)
                0x00004246                ll_get_adv_status

i.ll_get_adv_type
                0x00004252       0x16
 i.ll_get_adv_type
                0x00004252       0x16 C:\Program Files (x86)\Cypress\PSoC Creator\3.1\PSoC Creator\psoc\content\cycomponentlibrary\CyComponentLibrary.cylib\BLE_v1_20\Library\gccCyBLEStack_BLE_SOC_PERIPHERAL.a(ll_advertiser.o)
                0x00004252                ll_get_adv_type

i.ll_handle_adv_intr
                0x00004268       0x50
 i.ll_handle_adv_intr
                0x00004268       0x50 C:\Program Files (x86)\Cypress\PSoC Creator\3.1\PSoC Creator\psoc\content\cycomponentlibrary\CyComponentLibrary.cylib\BLE_v1_20\Library\gccCyBLEStack_BLE_SOC_PERIPHERAL.a(ll_advertiser.o)
                0x00004268                ll_handle_adv_intr

i.ll_handle_set_adv_data
                0x000042b8       0x14
 i.ll_handle_set_adv_data
                0x000042b8       0x14 C:\Program Files (x86)\Cypress\PSoC Creator\3.1\PSoC Creator\psoc\content\cycomponentlibrary\CyComponentLibrary.cylib\BLE_v1_20\Library\gccCyBLEStack_BLE_SOC_PERIPHERAL.a(ll_advertiser.o)
                0x000042b8                ll_handle_set_adv_data

i.ll_handle_set_adv_parameters
                0x000042cc       0x84
 i.ll_handle_set_adv_parameters
                0x000042cc       0x84 C:\Program Files (x86)\Cypress\PSoC Creator\3.1\PSoC Creator\psoc\content\cycomponentlibrary\CyComponentLibrary.cylib\BLE_v1_20\Library\gccCyBLEStack_BLE_SOC_PERIPHERAL.a(ll_advertiser.o)
                0x000042cc                ll_handle_set_adv_parameters

i.ll_handle_set_advertise_enable
                0x00004350       0x70
 i.ll_handle_set_advertise_enable
                0x00004350       0x70 C:\Program Files (x86)\Cypress\PSoC Creator\3.1\PSoC Creator\psoc\content\cycomponentlibrary\CyComponentLibrary.cylib\BLE_v1_20\Library\gccCyBLEStack_BLE_SOC_PERIPHERAL.a(ll_advertiser.o)
                0x00004350                ll_handle_set_advertise_enable

i.ll_handle_set_scan_resp_data
                0x000043c0       0x14
 i.ll_handle_set_scan_resp_data
                0x000043c0       0x14 C:\Program Files (x86)\Cypress\PSoC Creator\3.1\PSoC Creator\psoc\content\cycomponentlibrary\CyComponentLibrary.cylib\BLE_v1_20\Library\gccCyBLEStack_BLE_SOC_PERIPHERAL.a(ll_advertiser.o)
                0x000043c0                ll_handle_set_scan_resp_data

i.ll_init_advertiser
                0x000043d4       0x68
 i.ll_init_advertiser
                0x000043d4       0x68 C:\Program Files (x86)\Cypress\PSoC Creator\3.1\PSoC Creator\psoc\content\cycomponentlibrary\CyComponentLibrary.cylib\BLE_v1_20\Library\gccCyBLEStack_BLE_SOC_PERIPHERAL.a(ll_advertiser.o)
                0x000043d4                ll_init_advertiser

i.is_le_connection_handle
                0x0000443c       0x28
 i.is_le_connection_handle
                0x0000443c       0x28 C:\Program Files (x86)\Cypress\PSoC Creator\3.1\PSoC Creator\psoc\content\cycomponentlibrary\CyComponentLibrary.cylib\BLE_v1_20\Library\gccCyBLEStack_BLE_SOC_PERIPHERAL.a(ll_connection.o)
                0x0000443c                is_le_connection_handle

i.le_assign_connection_handle
                0x00004464       0x28
 i.le_assign_connection_handle
                0x00004464       0x28 C:\Program Files (x86)\Cypress\PSoC Creator\3.1\PSoC Creator\psoc\content\cycomponentlibrary\CyComponentLibrary.cylib\BLE_v1_20\Library\gccCyBLEStack_BLE_SOC_PERIPHERAL.a(ll_connection.o)
                0x00004464                le_assign_connection_handle

i.le_get_connection_index
                0x0000448c        0x6
 i.le_get_connection_index
                0x0000448c        0x6 C:\Program Files (x86)\Cypress\PSoC Creator\3.1\PSoC Creator\psoc\content\cycomponentlibrary\CyComponentLibrary.cylib\BLE_v1_20\Library\gccCyBLEStack_BLE_SOC_PERIPHERAL.a(ll_connection.o)
                0x0000448c                le_get_connection_index

i.ll_allocate_connection
                0x00004494       0x44
 i.ll_allocate_connection
                0x00004494       0x44 C:\Program Files (x86)\Cypress\PSoC Creator\3.1\PSoC Creator\psoc\content\cycomponentlibrary\CyComponentLibrary.cylib\BLE_v1_20\Library\gccCyBLEStack_BLE_SOC_PERIPHERAL.a(ll_connection.o)
                0x00004494                ll_allocate_connection

i.ll_calculate_and_program_def_win_widen_drift
                0x000044d8       0x14
 i.ll_calculate_and_program_def_win_widen_drift
                0x000044d8       0x14 C:\Program Files (x86)\Cypress\PSoC Creator\3.1\PSoC Creator\psoc\content\cycomponentlibrary\CyComponentLibrary.cylib\BLE_v1_20\Library\gccCyBLEStack_BLE_SOC_PERIPHERAL.a(ll_connection.o)
                0x000044d8                ll_calculate_and_program_def_win_widen_drift

i.ll_calculate_drift
                0x000044ec       0x2c
 i.ll_calculate_drift
                0x000044ec       0x2c C:\Program Files (x86)\Cypress\PSoC Creator\3.1\PSoC Creator\psoc\content\cycomponentlibrary\CyComponentLibrary.cylib\BLE_v1_20\Library\gccCyBLEStack_BLE_SOC_PERIPHERAL.a(ll_connection.o)
                0x000044ec                ll_calculate_drift

i.ll_check_and_decrypt_ll_pdu
                0x00004518       0x68
 i.ll_check_and_decrypt_ll_pdu
                0x00004518       0x68 C:\Program Files (x86)\Cypress\PSoC Creator\3.1\PSoC Creator\psoc\content\cycomponentlibrary\CyComponentLibrary.cylib\BLE_v1_20\Library\gccCyBLEStack_BLE_SOC_PERIPHERAL.a(ll_connection.o)
                0x00004518                ll_check_and_decrypt_ll_pdu

i.ll_check_and_decrypt_packet
                0x00004580       0x6a
 i.ll_check_and_decrypt_packet
                0x00004580       0x6a C:\Program Files (x86)\Cypress\PSoC Creator\3.1\PSoC Creator\psoc\content\cycomponentlibrary\CyComponentLibrary.cylib\BLE_v1_20\Library\gccCyBLEStack_BLE_SOC_PERIPHERAL.a(ll_connection.o)
                0x00004580                ll_check_and_decrypt_packet

i.ll_check_and_encrypt_ll_pdu
                0x000045ea       0x72
 i.ll_check_and_encrypt_ll_pdu
                0x000045ea       0x72 C:\Program Files (x86)\Cypress\PSoC Creator\3.1\PSoC Creator\psoc\content\cycomponentlibrary\CyComponentLibrary.cylib\BLE_v1_20\Library\gccCyBLEStack_BLE_SOC_PERIPHERAL.a(ll_connection.o)
                0x000045ea                ll_check_and_encrypt_ll_pdu

i.ll_check_and_encrypt_packet
                0x0000465c       0x8a
 i.ll_check_and_encrypt_packet
                0x0000465c       0x8a C:\Program Files (x86)\Cypress\PSoC Creator\3.1\PSoC Creator\psoc\content\cycomponentlibrary\CyComponentLibrary.cylib\BLE_v1_20\Library\gccCyBLEStack_BLE_SOC_PERIPHERAL.a(ll_connection.o)
                0x0000465c                ll_check_and_encrypt_packet

i.ll_check_for_allowing_incoming_connection_update
                0x000046e6       0x42
 i.ll_check_for_allowing_incoming_connection_update
                0x000046e6       0x42 C:\Program Files (x86)\Cypress\PSoC Creator\3.1\PSoC Creator\psoc\content\cycomponentlibrary\CyComponentLibrary.cylib\BLE_v1_20\Library\gccCyBLEStack_BLE_SOC_PERIPHERAL.a(ll_connection.o)
                0x000046e6                ll_check_for_allowing_incoming_connection_update

i.ll_check_if_pdu_is_loaded_to_hardware
                0x00004728       0x1c
 i.ll_check_if_pdu_is_loaded_to_hardware
                0x00004728       0x1c C:\Program Files (x86)\Cypress\PSoC Creator\3.1\PSoC Creator\psoc\content\cycomponentlibrary\CyComponentLibrary.cylib\BLE_v1_20\Library\gccCyBLEStack_BLE_SOC_PERIPHERAL.a(ll_connection.o)
                0x00004728                ll_check_if_pdu_is_loaded_to_hardware

i.ll_check_random_address_in_use_by_initiator
                0x00004744       0x30
 i.ll_check_random_address_in_use_by_initiator
                0x00004744       0x30 C:\Program Files (x86)\Cypress\PSoC Creator\3.1\PSoC Creator\psoc\content\cycomponentlibrary\CyComponentLibrary.cylib\BLE_v1_20\Library\gccCyBLEStack_BLE_SOC_PERIPHERAL.a(ll_connection.o)
                0x00004744                ll_check_random_address_in_use_by_initiator

i.ll_check_white_list_in_use_by_initiator
                0x00004774       0x30
 i.ll_check_white_list_in_use_by_initiator
                0x00004774       0x30 C:\Program Files (x86)\Cypress\PSoC Creator\3.1\PSoC Creator\psoc\content\cycomponentlibrary\CyComponentLibrary.cylib\BLE_v1_20\Library\gccCyBLEStack_BLE_SOC_PERIPHERAL.a(ll_connection.o)
                0x00004774                ll_check_white_list_in_use_by_initiator

i.ll_conn_free_enc_txn_buffer
                0x000047a4       0x16
 i.ll_conn_free_enc_txn_buffer
                0x000047a4       0x16 C:\Program Files (x86)\Cypress\PSoC Creator\3.1\PSoC Creator\psoc\content\cycomponentlibrary\CyComponentLibrary.cylib\BLE_v1_20\Library\gccCyBLEStack_BLE_SOC_PERIPHERAL.a(ll_connection.o)
                0x000047a4                ll_conn_free_enc_txn_buffer

i.ll_conn_fsm_update_channel_state
                0x000047ba        0x6
 i.ll_conn_fsm_update_channel_state
                0x000047ba        0x6 C:\Program Files (x86)\Cypress\PSoC Creator\3.1\PSoC Creator\psoc\content\cycomponentlibrary\CyComponentLibrary.cylib\BLE_v1_20\Library\gccCyBLEStack_BLE_SOC_PERIPHERAL.a(ll_connection.o)
                0x000047ba                ll_conn_fsm_update_channel_state

i.ll_conn_fsm_update_conn_update_state
                0x000047c0        0x6
 i.ll_conn_fsm_update_conn_update_state
                0x000047c0        0x6 C:\Program Files (x86)\Cypress\PSoC Creator\3.1\PSoC Creator\psoc\content\cycomponentlibrary\CyComponentLibrary.cylib\BLE_v1_20\Library\gccCyBLEStack_BLE_SOC_PERIPHERAL.a(ll_connection.o)
                0x000047c0                ll_conn_fsm_update_conn_update_state

i.ll_conn_fsm_update_enc_state
                0x000047c6        0x6
 i.ll_conn_fsm_update_enc_state
                0x000047c6        0x6 C:\Program Files (x86)\Cypress\PSoC Creator\3.1\PSoC Creator\psoc\content\cycomponentlibrary\CyComponentLibrary.cylib\BLE_v1_20\Library\gccCyBLEStack_BLE_SOC_PERIPHERAL.a(ll_connection.o)
                0x000047c6                ll_conn_fsm_update_enc_state

i.ll_conn_fsm_update_state
                0x000047cc        0x4
 i.ll_conn_fsm_update_state
                0x000047cc        0x4 C:\Program Files (x86)\Cypress\PSoC Creator\3.1\PSoC Creator\psoc\content\cycomponentlibrary\CyComponentLibrary.cylib\BLE_v1_20\Library\gccCyBLEStack_BLE_SOC_PERIPHERAL.a(ll_connection.o)
                0x000047cc                ll_conn_fsm_update_state

i.ll_conn_handle_data_pdu_from_host_when_data_paused
                0x000047d0        0x8
 i.ll_conn_handle_data_pdu_from_host_when_data_paused
                0x000047d0        0x8 C:\Program Files (x86)\Cypress\PSoC Creator\3.1\PSoC Creator\psoc\content\cycomponentlibrary\CyComponentLibrary.cylib\BLE_v1_20\Library\gccCyBLEStack_BLE_SOC_PERIPHERAL.a(ll_connection.o)
                0x000047d0                ll_conn_handle_data_pdu_from_host_when_data_paused

i.ll_conn_handle_direct_adv_timeout
                0x000047d8       0x2a
 i.ll_conn_handle_direct_adv_timeout
                0x000047d8       0x2a C:\Program Files (x86)\Cypress\PSoC Creator\3.1\PSoC Creator\psoc\content\cycomponentlibrary\CyComponentLibrary.cylib\BLE_v1_20\Library\gccCyBLEStack_BLE_SOC_PERIPHERAL.a(ll_connection.o)
                0x000047d8                ll_conn_handle_direct_adv_timeout

i.ll_conn_handle_ping_timer_expired_interrupt
                0x00004804       0x1c
 i.ll_conn_handle_ping_timer_expired_interrupt
                0x00004804       0x1c C:\Program Files (x86)\Cypress\PSoC Creator\3.1\PSoC Creator\psoc\content\cycomponentlibrary\CyComponentLibrary.cylib\BLE_v1_20\Library\gccCyBLEStack_BLE_SOC_PERIPHERAL.a(ll_connection.o)
                0x00004804                ll_conn_handle_ping_timer_expired_interrupt

i.ll_conn_handle_ping_timer_nearly_expired_interrupt
                0x00004820       0x20
 i.ll_conn_handle_ping_timer_nearly_expired_interrupt
                0x00004820       0x20 C:\Program Files (x86)\Cypress\PSoC Creator\3.1\PSoC Creator\psoc\content\cycomponentlibrary\CyComponentLibrary.cylib\BLE_v1_20\Library\gccCyBLEStack_BLE_SOC_PERIPHERAL.a(ll_connection.o)
                0x00004820                ll_conn_handle_ping_timer_nearly_expired_interrupt

i.ll_conn_handle_stop_connectable_adv
                0x00004840       0x12
 i.ll_conn_handle_stop_connectable_adv
                0x00004840       0x12 C:\Program Files (x86)\Cypress\PSoC Creator\3.1\PSoC Creator\psoc\content\cycomponentlibrary\CyComponentLibrary.cylib\BLE_v1_20\Library\gccCyBLEStack_BLE_SOC_PERIPHERAL.a(ll_connection.o)
                0x00004840                ll_conn_handle_stop_connectable_adv

i.ll_conn_process_pending_transactions
                0x00004852        0x4
 i.ll_conn_process_pending_transactions
                0x00004852        0x4 C:\Program Files (x86)\Cypress\PSoC Creator\3.1\PSoC Creator\psoc\content\cycomponentlibrary\CyComponentLibrary.cylib\BLE_v1_20\Library\gccCyBLEStack_BLE_SOC_PERIPHERAL.a(ll_connection.o)
                0x00004852                ll_conn_process_pending_transactions

i.ll_conn_program_authenticated_payload_timer